2024-11-13 21:06:18.545 +05:30  INF  Request finished HTTP/1.1 GET http://localhost:5145/User/GetMyAddresses?displayid=e62f03f4-2dcf-4f80-bc23-341651bd9338 - - - 200 - application/json;+charset=utf-8 18.9114ms
2024-11-13 21:06:34.011 +05:30  INF  Request starting HTTP/1.1 GET http://localhost:5145/User/GetMyAddresses?displayid=e62f03f4-2dcf-4f80-bc23-341651bd9338 - -
2024-11-13 21:06:34.012 +05:30  INF  CORS policy execution successful.
2024-11-13 21:06:34.013 +05:30  INF  Executing endpoint 'BAKERBAZZAR.API.Controller.UserController.GetAddress (BAKERBAZZAR.API)'
2024-11-13 21:06:34.013 +05:30  INF  Request starting HTTP/1.1 GET http://localhost:5145/user/products?categoryid= - -
2024-11-13 21:06:34.014 +05:30  INF  CORS policy execution successful.
2024-11-13 21:06:34.014 +05:30  INF  Executing endpoint 'BAKERBAZZAR.API.Controller.UserController.Products (BAKERBAZZAR.API)'
2024-11-13 21:06:34.014 +05:30  INF  Route matched with {action = "Products", controller = "User"}. Executing controller action with signature System.Threading.Tasks.Task`1[Microsoft.AspNetCore.Mvc.ActionResult`1[BAKERBAZZAR.API.Models.ApiResponse]] Products(System.String, System.String) on controller BAKERBAZZAR.API.Controller.UserController (BAKERBAZZAR.API).
2024-11-13 21:06:34.014 +05:30  INF  Route matched with {action = "GetAddress", controller = "User"}. Executing controller action with signature System.Threading.Tasks.Task`1[Microsoft.AspNetCore.Mvc.ActionResult`1[BAKERBAZZAR.API.Models.ApiResponse]] GetAddress(System.String) on controller BAKERBAZZAR.API.Controller.UserController (BAKERBAZZAR.API).
2024-11-13 21:06:34.015 +05:30  INF  Request starting HTTP/1.1 GET http://localhost:5145/User/Category - -
2024-11-13 21:06:34.015 +05:30  INF  CORS policy execution successful.
2024-11-13 21:06:34.015 +05:30  INF  Executing endpoint 'BAKERBAZZAR.API.Controller.UserController.Category (BAKERBAZZAR.API)'
2024-11-13 21:06:34.015 +05:30  INF  Route matched with {action = "Category", controller = "User"}. Executing controller action with signature System.Threading.Tasks.Task`1[Microsoft.AspNetCore.Mvc.ActionResult`1[BAKERBAZZAR.API.Models.ApiResponse]] Category(System.String) on controller BAKERBAZZAR.API.Controller.UserController (BAKERBAZZAR.API).
2024-11-13 21:06:34.031 +05:30  INF  Executing ObjectResult, writing value of type 'BAKERBAZZAR.API.Models.ApiResponse'.
2024-11-13 21:06:34.031 +05:30  INF  Executed action BAKERBAZZAR.API.Controller.UserController.GetAddress (BAKERBAZZAR.API) in 17.2278ms
2024-11-13 21:06:34.031 +05:30  INF  Executed endpoint 'BAKERBAZZAR.API.Controller.UserController.GetAddress (BAKERBAZZAR.API)'
2024-11-13 21:06:34.031 +05:30  INF  Request finished HTTP/1.1 GET http://localhost:5145/User/GetMyAddresses?displayid=e62f03f4-2dcf-4f80-bc23-341651bd9338 - - - 200 - application/json;+charset=utf-8 20.4844ms
2024-11-13 21:06:34.041 +05:30  INF  Executing ObjectResult, writing value of type 'BAKERBAZZAR.API.Models.ApiResponse'.
2024-11-13 21:06:34.041 +05:30  INF  Executed action BAKERBAZZAR.API.Controller.UserController.Category (BAKERBAZZAR.API) in 25.7011ms
2024-11-13 21:06:34.041 +05:30  INF  Executed endpoint 'BAKERBAZZAR.API.Controller.UserController.Category (BAKERBAZZAR.API)'
2024-11-13 21:06:34.041 +05:30  INF  Request finished HTTP/1.1 GET http://localhost:5145/User/Category - - - 200 - application/json;+charset=utf-8 26.3279ms
2024-11-13 21:06:34.044 +05:30  INF  Executing ObjectResult, writing value of type 'BAKERBAZZAR.API.Models.ApiResponse'.
2024-11-13 21:06:34.045 +05:30  INF  Executed action BAKERBAZZAR.API.Controller.UserController.Products (BAKERBAZZAR.API) in 31.0438ms
2024-11-13 21:06:34.045 +05:30  INF  Executed endpoint 'BAKERBAZZAR.API.Controller.UserController.Products (BAKERBAZZAR.API)'
2024-11-13 21:06:34.046 +05:30  INF  Request finished HTTP/1.1 GET http://localhost:5145/user/products?categoryid= - - - 200 - application/json;+charset=utf-8 32.4869ms
2024-11-13 21:06:34.241 +05:30  INF  Request starting HTTP/1.1 GET http://localhost:5145/User/GetMyAddresses?displayid=e62f03f4-2dcf-4f80-bc23-341651bd9338 - -
2024-11-13 21:06:34.241 +05:30  INF  CORS policy execution successful.
2024-11-13 21:06:34.241 +05:30  INF  Executing endpoint 'BAKERBAZZAR.API.Controller.UserController.GetAddress (BAKERBAZZAR.API)'
2024-11-13 21:06:34.241 +05:30  INF  Route matched with {action = "GetAddress", controller = "User"}. Executing controller action with signature System.Threading.Tasks.Task`1[Microsoft.AspNetCore.Mvc.ActionResult`1[BAKERBAZZAR.API.Models.ApiResponse]] GetAddress(System.String) on controller BAKERBAZZAR.API.Controller.UserController (BAKERBAZZAR.API).
2024-11-13 21:06:34.398 +05:30  INF  Executing ObjectResult, writing value of type 'BAKERBAZZAR.API.Models.ApiResponse'.
2024-11-13 21:06:34.398 +05:30  INF  Executed action BAKERBAZZAR.API.Controller.UserController.GetAddress (BAKERBAZZAR.API) in 156.5234ms
2024-11-13 21:06:34.398 +05:30  INF  Executed endpoint 'BAKERBAZZAR.API.Controller.UserController.GetAddress (BAKERBAZZAR.API)'
2024-11-13 21:06:34.398 +05:30  INF  Request finished HTTP/1.1 GET http://localhost:5145/User/GetMyAddresses?displayid=e62f03f4-2dcf-4f80-bc23-341651bd9338 - - - 200 - application/json;+charset=utf-8 157.4196ms
2024-11-13 21:06:34.399 +05:30  INF  Request starting HTTP/1.1 GET http://localhost:5145/User/Category - -
2024-11-13 21:06:34.399 +05:30  INF  CORS policy execution successful.
2024-11-13 21:06:34.399 +05:30  INF  Executing endpoint 'BAKERBAZZAR.API.Controller.UserController.Category (BAKERBAZZAR.API)'
2024-11-13 21:06:34.399 +05:30  INF  Route matched with {action = "Category", controller = "User"}. Executing controller action with signature System.Threading.Tasks.Task`1[Microsoft.AspNetCore.Mvc.ActionResult`1[BAKERBAZZAR.API.Models.ApiResponse]] Category(System.String) on controller BAKERBAZZAR.API.Controller.UserController (BAKERBAZZAR.API).
2024-11-13 21:06:34.401 +05:30  INF  Executing ObjectResult, writing value of type 'BAKERBAZZAR.API.Models.ApiResponse'.
2024-11-13 21:06:34.402 +05:30  INF  Executed action BAKERBAZZAR.API.Controller.UserController.Category (BAKERBAZZAR.API) in 2.6457ms
2024-11-13 21:06:34.402 +05:30  INF  Executed endpoint 'BAKERBAZZAR.API.Controller.UserController.Category (BAKERBAZZAR.API)'
2024-11-13 21:06:34.402 +05:30  INF  Request finished HTTP/1.1 GET http://localhost:5145/User/Category - - - 200 - application/json;+charset=utf-8 3.1904ms
2024-11-13 21:06:34.502 +05:30  INF  Request starting HTTP/1.1 GET http://localhost:5145/user/products?categoryid= - -
2024-11-13 21:06:34.503 +05:30  INF  CORS policy execution successful.
2024-11-13 21:06:34.503 +05:30  INF  Executing endpoint 'BAKERBAZZAR.API.Controller.UserController.Products (BAKERBAZZAR.API)'
2024-11-13 21:06:34.503 +05:30  INF  Route matched with {action = "Products", controller = "User"}. Executing controller action with signature System.Threading.Tasks.Task`1[Microsoft.AspNetCore.Mvc.ActionResult`1[BAKERBAZZAR.API.Models.ApiResponse]] Products(System.String, System.String) on controller BAKERBAZZAR.API.Controller.UserController (BAKERBAZZAR.API).
2024-11-13 21:06:34.511 +05:30  INF  Executing ObjectResult, writing value of type 'BAKERBAZZAR.API.Models.ApiResponse'.
2024-11-13 21:06:34.537 +05:30  INF  Executed action BAKERBAZZAR.API.Controller.UserController.Products (BAKERBAZZAR.API) in 34.5247ms
2024-11-13 21:06:34.538 +05:30  INF  Executed endpoint 'BAKERBAZZAR.API.Controller.UserController.Products (BAKERBAZZAR.API)'
2024-11-13 21:06:34.538 +05:30  INF  Request finished HTTP/1.1 GET http://localhost:5145/user/products?categoryid= - - - 200 - application/json;+charset=utf-8 35.4899ms
2024-11-13 21:06:35.876 +05:30  INF  Request starting HTTP/1.1 OPTIONS http://localhost:5145/user/changeaddress?displayid=e62f03f4-2dcf-4f80-bc23-341651bd9338&recordid=null - -
2024-11-13 21:06:35.877 +05:30  INF  CORS policy execution successful.
2024-11-13 21:06:35.877 +05:30  INF  Request finished HTTP/1.1 OPTIONS http://localhost:5145/user/changeaddress?displayid=e62f03f4-2dcf-4f80-bc23-341651bd9338&recordid=null - - - 204 - - 0.3604ms
2024-11-13 21:06:35.878 +05:30  INF  Request starting HTTP/1.1 PUT http://localhost:5145/user/changeaddress?displayid=e62f03f4-2dcf-4f80-bc23-341651bd9338&recordid=null - 0
2024-11-13 21:06:35.878 +05:30  INF  CORS policy execution successful.
2024-11-13 21:06:35.878 +05:30  INF  Executing endpoint 'BAKERBAZZAR.API.Controller.UserController.ChangeAddress (BAKERBAZZAR.API)'
2024-11-13 21:06:35.879 +05:30  INF  Route matched with {action = "ChangeAddress", controller = "User"}. Executing controller action with signature System.Threading.Tasks.Task`1[Microsoft.AspNetCore.Mvc.ActionResult`1[BAKERBAZZAR.API.Models.ApiResponse]] ChangeAddress(System.String, Int32) on controller BAKERBAZZAR.API.Controller.UserController (BAKERBAZZAR.API).
2024-11-13 21:06:35.879 +05:30  INF  Executing BadRequestObjectResult, writing value of type 'Microsoft.AspNetCore.Mvc.ValidationProblemDetails'.
2024-11-13 21:06:35.879 +05:30  INF  Executed action BAKERBAZZAR.API.Controller.UserController.ChangeAddress (BAKERBAZZAR.API) in 0.6532ms
2024-11-13 21:06:35.879 +05:30  INF  Executed endpoint 'BAKERBAZZAR.API.Controller.UserController.ChangeAddress (BAKERBAZZAR.API)'
2024-11-13 21:06:35.879 +05:30  INF  Request finished HTTP/1.1 PUT http://localhost:5145/user/changeaddress?displayid=e62f03f4-2dcf-4f80-bc23-341651bd9338&recordid=null - 0 - 400 - application/problem+json;+charset=utf-8 1.4301ms
2024-11-13 21:06:35.891 +05:30  INF  Request starting HTTP/1.1 GET http://localhost:5145/User/GetMyAddresses?displayid=e62f03f4-2dcf-4f80-bc23-341651bd9338 - -
2024-11-13 21:06:35.892 +05:30  INF  CORS policy execution successful.
2024-11-13 21:06:35.892 +05:30  INF  Executing endpoint 'BAKERBAZZAR.API.Controller.UserController.GetAddress (BAKERBAZZAR.API)'
2024-11-13 21:06:35.892 +05:30  INF  Route matched with {action = "GetAddress", controller = "User"}. Executing controller action with signature System.Threading.Tasks.Task`1[Microsoft.AspNetCore.Mvc.ActionResult`1[BAKERBAZZAR.API.Models.ApiResponse]] GetAddress(System.String) on controller BAKERBAZZAR.API.Controller.UserController (BAKERBAZZAR.API).
2024-11-13 21:06:35.906 +05:30  INF  Executing ObjectResult, writing value of type 'BAKERBAZZAR.API.Models.ApiResponse'.
2024-11-13 21:06:35.906 +05:30  INF  Executed action BAKERBAZZAR.API.Controller.UserController.GetAddress (BAKERBAZZAR.API) in 13.9879ms
2024-11-13 21:06:35.906 +05:30  INF  Executed endpoint 'BAKERBAZZAR.API.Controller.UserController.GetAddress (BAKERBAZZAR.API)'
2024-11-13 21:06:35.906 +05:30  INF  Request finished HTTP/1.1 GET http://localhost:5145/User/GetMyAddresses?displayid=e62f03f4-2dcf-4f80-bc23-341651bd9338 - - - 200 - application/json;+charset=utf-8 14.5280ms
2024-11-13 21:08:22.616 +05:30  INF  Request starting HTTP/1.1 GET http://localhost:5145/User/GetMyAddresses?displayid=e62f03f4-2dcf-4f80-bc23-341651bd9338 - -
2024-11-13 21:08:22.618 +05:30  INF  CORS policy execution successful.
2024-11-13 21:08:22.619 +05:30  INF  Executing endpoint 'BAKERBAZZAR.API.Controller.UserController.GetAddress (BAKERBAZZAR.API)'
2024-11-13 21:08:22.622 +05:30  INF  Route matched with {action = "GetAddress", controller = "User"}. Executing controller action with signature System.Threading.Tasks.Task`1[Microsoft.AspNetCore.Mvc.ActionResult`1[BAKERBAZZAR.API.Models.ApiResponse]] GetAddress(System.String) on controller BAKERBAZZAR.API.Controller.UserController (BAKERBAZZAR.API).
2024-11-13 21:08:22.682 +05:30  INF  Executing ObjectResult, writing value of type 'BAKERBAZZAR.API.Models.ApiResponse'.
2024-11-13 21:08:22.683 +05:30  INF  Executed action BAKERBAZZAR.API.Controller.UserController.GetAddress (BAKERBAZZAR.API) in 59.5629ms
2024-11-13 21:08:22.683 +05:30  INF  Executed endpoint 'BAKERBAZZAR.API.Controller.UserController.GetAddress (BAKERBAZZAR.API)'
2024-11-13 21:08:22.683 +05:30  INF  Request finished HTTP/1.1 GET http://localhost:5145/User/GetMyAddresses?displayid=e62f03f4-2dcf-4f80-bc23-341651bd9338 - - - 200 - application/json;+charset=utf-8 69.0361ms
2024-11-13 21:08:32.157 +05:30  INF  Request starting HTTP/1.1 GET http://localhost:5145/User/GetMyAddresses?displayid=e62f03f4-2dcf-4f80-bc23-341651bd9338 - -
2024-11-13 21:08:32.158 +05:30  INF  CORS policy execution successful.
2024-11-13 21:08:32.159 +05:30  INF  Executing endpoint 'BAKERBAZZAR.API.Controller.UserController.GetAddress (BAKERBAZZAR.API)'
2024-11-13 21:08:32.159 +05:30  INF  Route matched with {action = "GetAddress", controller = "User"}. Executing controller action with signature System.Threading.Tasks.Task`1[Microsoft.AspNetCore.Mvc.ActionResult`1[BAKERBAZZAR.API.Models.ApiResponse]] GetAddress(System.String) on controller BAKERBAZZAR.API.Controller.UserController (BAKERBAZZAR.API).
2024-11-13 21:08:32.165 +05:30  INF  Request starting HTTP/1.1 GET http://localhost:5145/user/products?categoryid= - -
2024-11-13 21:08:32.166 +05:30  INF  CORS policy execution successful.
2024-11-13 21:08:32.166 +05:30  INF  Executing endpoint 'BAKERBAZZAR.API.Controller.UserController.Products (BAKERBAZZAR.API)'
2024-11-13 21:08:32.166 +05:30  INF  Route matched with {action = "Products", controller = "User"}. Executing controller action with signature System.Threading.Tasks.Task`1[Microsoft.AspNetCore.Mvc.ActionResult`1[BAKERBAZZAR.API.Models.ApiResponse]] Products(System.String, System.String) on controller BAKERBAZZAR.API.Controller.UserController (BAKERBAZZAR.API).
2024-11-13 21:08:32.167 +05:30  INF  Request starting HTTP/1.1 GET http://localhost:5145/User/Category - -
2024-11-13 21:08:32.168 +05:30  INF  CORS policy execution successful.
2024-11-13 21:08:32.168 +05:30  INF  Executing endpoint 'BAKERBAZZAR.API.Controller.UserController.Category (BAKERBAZZAR.API)'
2024-11-13 21:08:32.168 +05:30  INF  Route matched with {action = "Category", controller = "User"}. Executing controller action with signature System.Threading.Tasks.Task`1[Microsoft.AspNetCore.Mvc.ActionResult`1[BAKERBAZZAR.API.Models.ApiResponse]] Category(System.String) on controller BAKERBAZZAR.API.Controller.UserController (BAKERBAZZAR.API).
2024-11-13 21:08:32.172 +05:30  INF  Executing ObjectResult, writing value of type 'BAKERBAZZAR.API.Models.ApiResponse'.
2024-11-13 21:08:32.173 +05:30  INF  Executed action BAKERBAZZAR.API.Controller.UserController.GetAddress (BAKERBAZZAR.API) in 13.7991ms
2024-11-13 21:08:32.173 +05:30  INF  Executed endpoint 'BAKERBAZZAR.API.Controller.UserController.GetAddress (BAKERBAZZAR.API)'
2024-11-13 21:08:32.173 +05:30  INF  Request finished HTTP/1.1 GET http://localhost:5145/User/GetMyAddresses?displayid=e62f03f4-2dcf-4f80-bc23-341651bd9338 - - - 200 - application/json;+charset=utf-8 15.9250ms
2024-11-13 21:08:32.209 +05:30  INF  Executing ObjectResult, writing value of type 'BAKERBAZZAR.API.Models.ApiResponse'.
2024-11-13 21:08:32.209 +05:30  INF  Executed action BAKERBAZZAR.API.Controller.UserController.Category (BAKERBAZZAR.API) in 41.3704ms
2024-11-13 21:08:32.209 +05:30  INF  Executed endpoint 'BAKERBAZZAR.API.Controller.UserController.Category (BAKERBAZZAR.API)'
2024-11-13 21:08:32.209 +05:30  INF  Request finished HTTP/1.1 GET http://localhost:5145/User/Category - - - 200 - application/json;+charset=utf-8 41.9709ms
2024-11-13 21:08:32.213 +05:30  INF  Executing ObjectResult, writing value of type 'BAKERBAZZAR.API.Models.ApiResponse'.
2024-11-13 21:08:32.214 +05:30  INF  Executed action BAKERBAZZAR.API.Controller.UserController.Products (BAKERBAZZAR.API) in 48.0633ms
2024-11-13 21:08:32.214 +05:30  INF  Executed endpoint 'BAKERBAZZAR.API.Controller.UserController.Products (BAKERBAZZAR.API)'
2024-11-13 21:08:32.214 +05:30  INF  Request finished HTTP/1.1 GET http://localhost:5145/user/products?categoryid= - - - 200 - application/json;+charset=utf-8 49.1257ms
2024-11-13 21:08:32.327 +05:30  INF  Request starting HTTP/1.1 GET http://localhost:5145/User/GetMyAddresses?displayid=e62f03f4-2dcf-4f80-bc23-341651bd9338 - -
2024-11-13 21:08:32.329 +05:30  INF  CORS policy execution successful.
2024-11-13 21:08:32.330 +05:30  INF  Executing endpoint 'BAKERBAZZAR.API.Controller.UserController.GetAddress (BAKERBAZZAR.API)'
2024-11-13 21:08:32.331 +05:30  INF  Route matched with {action = "GetAddress", controller = "User"}. Executing controller action with signature System.Threading.Tasks.Task`1[Microsoft.AspNetCore.Mvc.ActionResult`1[BAKERBAZZAR.API.Models.ApiResponse]] GetAddress(System.String) on controller BAKERBAZZAR.API.Controller.UserController (BAKERBAZZAR.API).
2024-11-13 21:08:32.332 +05:30  INF  Request starting HTTP/1.1 GET http://localhost:5145/User/Category - -
2024-11-13 21:08:32.332 +05:30  INF  CORS policy execution successful.
2024-11-13 21:08:32.332 +05:30  INF  Executing endpoint 'BAKERBAZZAR.API.Controller.UserController.Category (BAKERBAZZAR.API)'
2024-11-13 21:08:32.333 +05:30  INF  Route matched with {action = "Category", controller = "User"}. Executing controller action with signature System.Threading.Tasks.Task`1[Microsoft.AspNetCore.Mvc.ActionResult`1[BAKERBAZZAR.API.Models.ApiResponse]] Category(System.String) on controller BAKERBAZZAR.API.Controller.UserController (BAKERBAZZAR.API).
2024-11-13 21:08:32.338 +05:30  INF  Request starting HTTP/1.1 GET http://localhost:5145/user/products?categoryid= - -
2024-11-13 21:08:32.339 +05:30  INF  CORS policy execution successful.
2024-11-13 21:08:32.339 +05:30  INF  Executing endpoint 'BAKERBAZZAR.API.Controller.UserController.Products (BAKERBAZZAR.API)'
2024-11-13 21:08:32.339 +05:30  INF  Route matched with {action = "Products", controller = "User"}. Executing controller action with signature System.Threading.Tasks.Task`1[Microsoft.AspNetCore.Mvc.ActionResult`1[BAKERBAZZAR.API.Models.ApiResponse]] Products(System.String, System.String) on controller BAKERBAZZAR.API.Controller.UserController (BAKERBAZZAR.API).
2024-11-13 21:08:32.340 +05:30  INF  Executing ObjectResult, writing value of type 'BAKERBAZZAR.API.Models.ApiResponse'.
2024-11-13 21:08:32.341 +05:30  INF  Executed action BAKERBAZZAR.API.Controller.UserController.GetAddress (BAKERBAZZAR.API) in 9.7264ms
2024-11-13 21:08:32.341 +05:30  INF  Executed endpoint 'BAKERBAZZAR.API.Controller.UserController.GetAddress (BAKERBAZZAR.API)'
2024-11-13 21:08:32.341 +05:30  INF  Request finished HTTP/1.1 GET http://localhost:5145/User/GetMyAddresses?displayid=e62f03f4-2dcf-4f80-bc23-341651bd9338 - - - 200 - application/json;+charset=utf-8 14.8523ms
2024-11-13 21:08:32.349 +05:30  INF  Executing ObjectResult, writing value of type 'BAKERBAZZAR.API.Models.ApiResponse'.
2024-11-13 21:08:32.350 +05:30  INF  Executed action BAKERBAZZAR.API.Controller.UserController.Category (BAKERBAZZAR.API) in 17.3866ms
2024-11-13 21:08:32.350 +05:30  INF  Executed endpoint 'BAKERBAZZAR.API.Controller.UserController.Category (BAKERBAZZAR.API)'
2024-11-13 21:08:32.351 +05:30  INF  Request finished HTTP/1.1 GET http://localhost:5145/User/Category - - - 200 - application/json;+charset=utf-8 18.4750ms
2024-11-13 21:08:32.361 +05:30  INF  Executing ObjectResult, writing value of type 'BAKERBAZZAR.API.Models.ApiResponse'.
2024-11-13 21:08:32.363 +05:30  INF  Executed action BAKERBAZZAR.API.Controller.UserController.Products (BAKERBAZZAR.API) in 23.8416ms
2024-11-13 21:08:32.363 +05:30  INF  Executed endpoint 'BAKERBAZZAR.API.Controller.UserController.Products (BAKERBAZZAR.API)'
2024-11-13 21:08:32.363 +05:30  INF  Request finished HTTP/1.1 GET http://localhost:5145/user/products?categoryid= - - - 200 - application/json;+charset=utf-8 24.9018ms
2024-11-13 21:08:34.252 +05:30  INF  Request starting HTTP/1.1 OPTIONS http://localhost:5145/user/changeaddress?displayid=e62f03f4-2dcf-4f80-bc23-341651bd9338&recordid=null - -
2024-11-13 21:08:34.252 +05:30  INF  CORS policy execution successful.
2024-11-13 21:08:34.252 +05:30  INF  Request finished HTTP/1.1 OPTIONS http://localhost:5145/user/changeaddress?displayid=e62f03f4-2dcf-4f80-bc23-341651bd9338&recordid=null - - - 204 - - 0.4042ms
2024-11-13 21:08:34.255 +05:30  INF  Request starting HTTP/1.1 PUT http://localhost:5145/user/changeaddress?displayid=e62f03f4-2dcf-4f80-bc23-341651bd9338&recordid=null - 0
2024-11-13 21:08:34.255 +05:30  INF  CORS policy execution successful.
2024-11-13 21:08:34.255 +05:30  INF  Executing endpoint 'BAKERBAZZAR.API.Controller.UserController.ChangeAddress (BAKERBAZZAR.API)'
2024-11-13 21:08:34.255 +05:30  INF  Route matched with {action = "ChangeAddress", controller = "User"}. Executing controller action with signature System.Threading.Tasks.Task`1[Microsoft.AspNetCore.Mvc.ActionResult`1[BAKERBAZZAR.API.Models.ApiResponse]] ChangeAddress(System.String, Int32) on controller BAKERBAZZAR.API.Controller.UserController (BAKERBAZZAR.API).
2024-11-13 21:08:34.258 +05:30  INF  Executing BadRequestObjectResult, writing value of type 'Microsoft.AspNetCore.Mvc.ValidationProblemDetails'.
2024-11-13 21:08:34.258 +05:30  INF  Executed action BAKERBAZZAR.API.Controller.UserController.ChangeAddress (BAKERBAZZAR.API) in 3.1969ms
2024-11-13 21:08:34.259 +05:30  INF  Executed endpoint 'BAKERBAZZAR.API.Controller.UserController.ChangeAddress (BAKERBAZZAR.API)'
2024-11-13 21:08:34.259 +05:30  INF  Request finished HTTP/1.1 PUT http://localhost:5145/user/changeaddress?displayid=e62f03f4-2dcf-4f80-bc23-341651bd9338&recordid=null - 0 - 400 - application/problem+json;+charset=utf-8 4.4113ms
2024-11-13 21:08:34.267 +05:30  INF  Request starting HTTP/1.1 GET http://localhost:5145/User/GetMyAddresses?displayid=e62f03f4-2dcf-4f80-bc23-341651bd9338 - -
2024-11-13 21:08:34.267 +05:30  INF  CORS policy execution successful.
2024-11-13 21:08:34.268 +05:30  INF  Executing endpoint 'BAKERBAZZAR.API.Controller.UserController.GetAddress (BAKERBAZZAR.API)'
2024-11-13 21:08:34.268 +05:30  INF  Route matched with {action = "GetAddress", controller = "User"}. Executing controller action with signature System.Threading.Tasks.Task`1[Microsoft.AspNetCore.Mvc.ActionResult`1[BAKERBAZZAR.API.Models.ApiResponse]] GetAddress(System.String) on controller BAKERBAZZAR.API.Controller.UserController (BAKERBAZZAR.API).
2024-11-13 21:08:34.273 +05:30  INF  Executing ObjectResult, writing value of type 'BAKERBAZZAR.API.Models.ApiResponse'.
2024-11-13 21:08:34.273 +05:30  INF  Executed action BAKERBAZZAR.API.Controller.UserController.GetAddress (BAKERBAZZAR.API) in 5.5551ms
2024-11-13 21:08:34.273 +05:30  INF  Executed endpoint 'BAKERBAZZAR.API.Controller.UserController.GetAddress (BAKERBAZZAR.API)'
2024-11-13 21:08:34.273 +05:30  INF  Request finished HTTP/1.1 GET http://localhost:5145/User/GetMyAddresses?displayid=e62f03f4-2dcf-4f80-bc23-341651bd9338 - - - 200 - application/json;+charset=utf-8 6.0767ms
2024-11-13 21:08:49.039 +05:30  INF  Request starting HTTP/1.1 GET http://localhost:5145/User/GetMyAddresses?displayid=e62f03f4-2dcf-4f80-bc23-341651bd9338 - -
2024-11-13 21:08:49.039 +05:30  INF  CORS policy execution successful.
2024-11-13 21:08:49.039 +05:30  INF  Executing endpoint 'BAKERBAZZAR.API.Controller.UserController.GetAddress (BAKERBAZZAR.API)'
2024-11-13 21:08:49.040 +05:30  INF  Route matched with {action = "GetAddress", controller = "User"}. Executing controller action with signature System.Threading.Tasks.Task`1[Microsoft.AspNetCore.Mvc.ActionResult`1[BAKERBAZZAR.API.Models.ApiResponse]] GetAddress(System.String) on controller BAKERBAZZAR.API.Controller.UserController (BAKERBAZZAR.API).
2024-11-13 21:08:49.045 +05:30  INF  Request starting HTTP/1.1 GET http://localhost:5145/User/Category - -
2024-11-13 21:08:49.045 +05:30  INF  CORS policy execution successful.
2024-11-13 21:08:49.046 +05:30  INF  Executing endpoint 'BAKERBAZZAR.API.Controller.UserController.Category (BAKERBAZZAR.API)'
2024-11-13 21:08:49.046 +05:30  INF  Request starting HTTP/1.1 GET http://localhost:5145/user/products?categoryid= - -
2024-11-13 21:08:49.046 +05:30  INF  Route matched with {action = "Category", controller = "User"}. Executing controller action with signature System.Threading.Tasks.Task`1[Microsoft.AspNetCore.Mvc.ActionResult`1[BAKERBAZZAR.API.Models.ApiResponse]] Category(System.String) on controller BAKERBAZZAR.API.Controller.UserController (BAKERBAZZAR.API).
2024-11-13 21:08:49.046 +05:30  INF  CORS policy execution successful.
2024-11-13 21:08:49.046 +05:30  INF  Executing endpoint 'BAKERBAZZAR.API.Controller.UserController.Products (BAKERBAZZAR.API)'
2024-11-13 21:08:49.046 +05:30  INF  Route matched with {action = "Products", controller = "User"}. Executing controller action with signature System.Threading.Tasks.Task`1[Microsoft.AspNetCore.Mvc.ActionResult`1[BAKERBAZZAR.API.Models.ApiResponse]] Products(System.String, System.String) on controller BAKERBAZZAR.API.Controller.UserController (BAKERBAZZAR.API).
2024-11-13 21:08:49.061 +05:30  INF  Executing ObjectResult, writing value of type 'BAKERBAZZAR.API.Models.ApiResponse'.
2024-11-13 21:08:49.062 +05:30  INF  Executed action BAKERBAZZAR.API.Controller.UserController.GetAddress (BAKERBAZZAR.API) in 22.1662ms
2024-11-13 21:08:49.062 +05:30  INF  Executed endpoint 'BAKERBAZZAR.API.Controller.UserController.GetAddress (BAKERBAZZAR.API)'
2024-11-13 21:08:49.062 +05:30  INF  Request finished HTTP/1.1 GET http://localhost:5145/User/GetMyAddresses?displayid=e62f03f4-2dcf-4f80-bc23-341651bd9338 - - - 200 - application/json;+charset=utf-8 23.2492ms
2024-11-13 21:08:49.071 +05:30  INF  Executing ObjectResult, writing value of type 'BAKERBAZZAR.API.Models.ApiResponse'.
2024-11-13 21:08:49.071 +05:30  INF  Executed action BAKERBAZZAR.API.Controller.UserController.Category (BAKERBAZZAR.API) in 25.2439ms
2024-11-13 21:08:49.071 +05:30  INF  Executed endpoint 'BAKERBAZZAR.API.Controller.UserController.Category (BAKERBAZZAR.API)'
2024-11-13 21:08:49.071 +05:30  INF  Request finished HTTP/1.1 GET http://localhost:5145/User/Category - - - 200 - application/json;+charset=utf-8 25.9526ms
2024-11-13 21:08:49.076 +05:30  INF  Executing ObjectResult, writing value of type 'BAKERBAZZAR.API.Models.ApiResponse'.
2024-11-13 21:08:49.077 +05:30  INF  Executed action BAKERBAZZAR.API.Controller.UserController.Products (BAKERBAZZAR.API) in 30.5599ms
2024-11-13 21:08:49.077 +05:30  INF  Executed endpoint 'BAKERBAZZAR.API.Controller.UserController.Products (BAKERBAZZAR.API)'
2024-11-13 21:08:49.077 +05:30  INF  Request finished HTTP/1.1 GET http://localhost:5145/user/products?categoryid= - - - 200 - application/json;+charset=utf-8 32.2897ms
2024-11-13 21:08:49.208 +05:30  INF  Request starting HTTP/1.1 GET http://localhost:5145/User/GetMyAddresses?displayid=e62f03f4-2dcf-4f80-bc23-341651bd9338 - -
2024-11-13 21:08:49.208 +05:30  INF  CORS policy execution successful.
2024-11-13 21:08:49.208 +05:30  INF  Executing endpoint 'BAKERBAZZAR.API.Controller.UserController.GetAddress (BAKERBAZZAR.API)'
2024-11-13 21:08:49.208 +05:30  INF  Route matched with {action = "GetAddress", controller = "User"}. Executing controller action with signature System.Threading.Tasks.Task`1[Microsoft.AspNetCore.Mvc.ActionResult`1[BAKERBAZZAR.API.Models.ApiResponse]] GetAddress(System.String) on controller BAKERBAZZAR.API.Controller.UserController (BAKERBAZZAR.API).
2024-11-13 21:08:49.212 +05:30  INF  Request starting HTTP/1.1 GET http://localhost:5145/User/Category - -
2024-11-13 21:08:49.212 +05:30  INF  CORS policy execution successful.
2024-11-13 21:08:49.213 +05:30  INF  Executing endpoint 'BAKERBAZZAR.API.Controller.UserController.Category (BAKERBAZZAR.API)'
2024-11-13 21:08:49.213 +05:30  INF  Route matched with {action = "Category", controller = "User"}. Executing controller action with signature System.Threading.Tasks.Task`1[Microsoft.AspNetCore.Mvc.ActionResult`1[BAKERBAZZAR.API.Models.ApiResponse]] Category(System.String) on controller BAKERBAZZAR.API.Controller.UserController (BAKERBAZZAR.API).
2024-11-13 21:08:49.216 +05:30  INF  Request starting HTTP/1.1 GET http://localhost:5145/user/products?categoryid= - -
2024-11-13 21:08:49.217 +05:30  INF  CORS policy execution successful.
2024-11-13 21:08:49.217 +05:30  INF  Executing endpoint 'BAKERBAZZAR.API.Controller.UserController.Products (BAKERBAZZAR.API)'
2024-11-13 21:08:49.217 +05:30  INF  Route matched with {action = "Products", controller = "User"}. Executing controller action with signature System.Threading.Tasks.Task`1[Microsoft.AspNetCore.Mvc.ActionResult`1[BAKERBAZZAR.API.Models.ApiResponse]] Products(System.String, System.String) on controller BAKERBAZZAR.API.Controller.UserController (BAKERBAZZAR.API).
2024-11-13 21:08:49.233 +05:30  INF  Executing ObjectResult, writing value of type 'BAKERBAZZAR.API.Models.ApiResponse'.
2024-11-13 21:08:49.233 +05:30  INF  Executed action BAKERBAZZAR.API.Controller.UserController.GetAddress (BAKERBAZZAR.API) in 24.6996ms
2024-11-13 21:08:49.233 +05:30  INF  Executed endpoint 'BAKERBAZZAR.API.Controller.UserController.GetAddress (BAKERBAZZAR.API)'
2024-11-13 21:08:49.233 +05:30  INF  Request finished HTTP/1.1 GET http://localhost:5145/User/GetMyAddresses?displayid=e62f03f4-2dcf-4f80-bc23-341651bd9338 - - - 200 - application/json;+charset=utf-8 25.1881ms
2024-11-13 21:08:49.245 +05:30  INF  Executing ObjectResult, writing value of type 'BAKERBAZZAR.API.Models.ApiResponse'.
2024-11-13 21:08:49.245 +05:30  INF  Executed action BAKERBAZZAR.API.Controller.UserController.Category (BAKERBAZZAR.API) in 32.4819ms
2024-11-13 21:08:49.245 +05:30  INF  Executed endpoint 'BAKERBAZZAR.API.Controller.UserController.Category (BAKERBAZZAR.API)'
2024-11-13 21:08:49.245 +05:30  INF  Request finished HTTP/1.1 GET http://localhost:5145/User/Category - - - 200 - application/json;+charset=utf-8 33.1300ms
2024-11-13 21:08:49.248 +05:30  INF  Executing ObjectResult, writing value of type 'BAKERBAZZAR.API.Models.ApiResponse'.
2024-11-13 21:08:49.249 +05:30  INF  Executed action BAKERBAZZAR.API.Controller.UserController.Products (BAKERBAZZAR.API) in 32.1408ms
2024-11-13 21:08:49.249 +05:30  INF  Executed endpoint 'BAKERBAZZAR.API.Controller.UserController.Products (BAKERBAZZAR.API)'
2024-11-13 21:08:49.249 +05:30  INF  Request finished HTTP/1.1 GET http://localhost:5145/user/products?categoryid= - - - 200 - application/json;+charset=utf-8 33.1713ms
2024-11-13 21:08:51.829 +05:30  INF  Request starting HTTP/1.1 OPTIONS http://localhost:5145/user/changeaddress?displayid=a8701061-246f-4f0a-b7db-cf788913b18d&recordid=1004 - -
2024-11-13 21:08:51.829 +05:30  INF  CORS policy execution successful.
2024-11-13 21:08:51.830 +05:30  INF  Request finished HTTP/1.1 OPTIONS http://localhost:5145/user/changeaddress?displayid=a8701061-246f-4f0a-b7db-cf788913b18d&recordid=1004 - - - 204 - - 0.2821ms
2024-11-13 21:08:51.830 +05:30  INF  Request starting HTTP/1.1 PUT http://localhost:5145/user/changeaddress?displayid=a8701061-246f-4f0a-b7db-cf788913b18d&recordid=1004 application/json 0
2024-11-13 21:08:51.831 +05:30  INF  CORS policy execution successful.
2024-11-13 21:08:51.831 +05:30  INF  Executing endpoint 'BAKERBAZZAR.API.Controller.UserController.ChangeAddress (BAKERBAZZAR.API)'
2024-11-13 21:08:51.831 +05:30  INF  Route matched with {action = "ChangeAddress", controller = "User"}. Executing controller action with signature System.Threading.Tasks.Task`1[Microsoft.AspNetCore.Mvc.ActionResult`1[BAKERBAZZAR.API.Models.ApiResponse]] ChangeAddress(System.String, Int32) on controller BAKERBAZZAR.API.Controller.UserController (BAKERBAZZAR.API).
2024-11-13 21:08:51.862 +05:30  INF  Executing ObjectResult, writing value of type 'BAKERBAZZAR.API.Models.ApiResponse'.
2024-11-13 21:08:51.862 +05:30  INF  Executed action BAKERBAZZAR.API.Controller.UserController.ChangeAddress (BAKERBAZZAR.API) in 31.3249ms
2024-11-13 21:08:51.862 +05:30  INF  Executed endpoint 'BAKERBAZZAR.API.Controller.UserController.ChangeAddress (BAKERBAZZAR.API)'
2024-11-13 21:08:51.862 +05:30  INF  Request finished HTTP/1.1 PUT http://localhost:5145/user/changeaddress?displayid=a8701061-246f-4f0a-b7db-cf788913b18d&recordid=1004 application/json 0 - 200 - application/json;+charset=utf-8 31.7284ms
2024-11-13 21:08:52.119 +05:30  INF  Request starting HTTP/1.1 OPTIONS http://localhost:5145/user/cartdetails?displayId=f15b0b51-97dd-423c-a858-62efc41df3cb - -
2024-11-13 21:08:52.120 +05:30  INF  CORS policy execution successful.
2024-11-13 21:08:52.120 +05:30  INF  Request finished HTTP/1.1 OPTIONS http://localhost:5145/user/cartdetails?displayId=f15b0b51-97dd-423c-a858-62efc41df3cb - - - 204 - - 0.8092ms
2024-11-13 21:08:52.122 +05:30  INF  Request starting HTTP/1.1 GET http://localhost:5145/user/cartdetails?displayId=f15b0b51-97dd-423c-a858-62efc41df3cb application/json -
2024-11-13 21:08:52.122 +05:30  INF  CORS policy execution successful.
2024-11-13 21:08:52.122 +05:30  INF  Executing endpoint 'BAKERBAZZAR.API.Controller.UserController.CartDetails (BAKERBAZZAR.API)'
2024-11-13 21:08:52.123 +05:30  INF  Route matched with {action = "CartDetails", controller = "User"}. Executing controller action with signature System.Threading.Tasks.Task`1[Microsoft.AspNetCore.Mvc.ActionResult`1[BAKERBAZZAR.API.Models.ApiResponse]] CartDetails(System.String) on controller BAKERBAZZAR.API.Controller.UserController (BAKERBAZZAR.API).
2024-11-13 21:08:52.337 +05:30  INF  Executing ObjectResult, writing value of type 'BAKERBAZZAR.API.Models.ApiResponse'.
2024-11-13 21:08:52.338 +05:30  INF  Executed action BAKERBAZZAR.API.Controller.UserController.CartDetails (BAKERBAZZAR.API) in 215.0632ms
2024-11-13 21:08:52.338 +05:30  INF  Executed endpoint 'BAKERBAZZAR.API.Controller.UserController.CartDetails (BAKERBAZZAR.API)'
2024-11-13 21:08:52.338 +05:30  INF  Request finished HTTP/1.1 GET http://localhost:5145/user/cartdetails?displayId=f15b0b51-97dd-423c-a858-62efc41df3cb application/json - - 200 - application/json;+charset=utf-8 215.6748ms
2024-11-13 21:08:57.237 +05:30  INF  Request starting HTTP/1.1 OPTIONS http://localhost:5145/user/changeaddress?displayid=a8701061-246f-4f0a-b7db-cf788913b18d&recordid=1000 - -
2024-11-13 21:08:57.237 +05:30  INF  CORS policy execution successful.
2024-11-13 21:08:57.238 +05:30  INF  Request finished HTTP/1.1 OPTIONS http://localhost:5145/user/changeaddress?displayid=a8701061-246f-4f0a-b7db-cf788913b18d&recordid=1000 - - - 204 - - 0.6892ms
2024-11-13 21:08:57.240 +05:30  INF  Request starting HTTP/1.1 PUT http://localhost:5145/user/changeaddress?displayid=a8701061-246f-4f0a-b7db-cf788913b18d&recordid=1000 application/json 0
2024-11-13 21:08:57.240 +05:30  INF  CORS policy execution successful.
2024-11-13 21:08:57.240 +05:30  INF  Executing endpoint 'BAKERBAZZAR.API.Controller.UserController.ChangeAddress (BAKERBAZZAR.API)'
2024-11-13 21:08:57.240 +05:30  INF  Route matched with {action = "ChangeAddress", controller = "User"}. Executing controller action with signature System.Threading.Tasks.Task`1[Microsoft.AspNetCore.Mvc.ActionResult`1[BAKERBAZZAR.API.Models.ApiResponse]] ChangeAddress(System.String, Int32) on controller BAKERBAZZAR.API.Controller.UserController (BAKERBAZZAR.API).
2024-11-13 21:08:57.255 +05:30  INF  Executing ObjectResult, writing value of type 'BAKERBAZZAR.API.Models.ApiResponse'.
2024-11-13 21:08:57.255 +05:30  INF  Executed action BAKERBAZZAR.API.Controller.UserController.ChangeAddress (BAKERBAZZAR.API) in 14.9679ms
2024-11-13 21:08:57.255 +05:30  INF  Executed endpoint 'BAKERBAZZAR.API.Controller.UserController.ChangeAddress (BAKERBAZZAR.API)'
2024-11-13 21:08:57.255 +05:30  INF  Request finished HTTP/1.1 PUT http://localhost:5145/user/changeaddress?displayid=a8701061-246f-4f0a-b7db-cf788913b18d&recordid=1000 application/json 0 - 200 - application/json;+charset=utf-8 15.5148ms
2024-11-13 21:08:57.405 +05:30  INF  Request starting HTTP/1.1 OPTIONS http://localhost:5145/user/cartdetails?displayId=f15b0b51-97dd-423c-a858-62efc41df3cb - -
2024-11-13 21:08:57.405 +05:30  INF  CORS policy execution successful.
2024-11-13 21:08:57.405 +05:30  INF  Request finished HTTP/1.1 OPTIONS http://localhost:5145/user/cartdetails?displayId=f15b0b51-97dd-423c-a858-62efc41df3cb - - - 204 - - 0.1886ms
2024-11-13 21:08:57.407 +05:30  INF  Request starting HTTP/1.1 GET http://localhost:5145/user/cartdetails?displayId=f15b0b51-97dd-423c-a858-62efc41df3cb application/json -
2024-11-13 21:08:57.407 +05:30  INF  CORS policy execution successful.
2024-11-13 21:08:57.407 +05:30  INF  Executing endpoint 'BAKERBAZZAR.API.Controller.UserController.CartDetails (BAKERBAZZAR.API)'
2024-11-13 21:08:57.407 +05:30  INF  Route matched with {action = "CartDetails", controller = "User"}. Executing controller action with signature System.Threading.Tasks.Task`1[Microsoft.AspNetCore.Mvc.ActionResult`1[BAKERBAZZAR.API.Models.ApiResponse]] CartDetails(System.String) on controller BAKERBAZZAR.API.Controller.UserController (BAKERBAZZAR.API).
2024-11-13 21:08:57.425 +05:30  INF  Executing ObjectResult, writing value of type 'BAKERBAZZAR.API.Models.ApiResponse'.
2024-11-13 21:08:57.425 +05:30  INF  Executed action BAKERBAZZAR.API.Controller.UserController.CartDetails (BAKERBAZZAR.API) in 17.7621ms
2024-11-13 21:08:57.425 +05:30  INF  Executed endpoint 'BAKERBAZZAR.API.Controller.UserController.CartDetails (BAKERBAZZAR.API)'
2024-11-13 21:08:57.425 +05:30  INF  Request finished HTTP/1.1 GET http://localhost:5145/user/cartdetails?displayId=f15b0b51-97dd-423c-a858-62efc41df3cb application/json - - 200 - application/json;+charset=utf-8 18.1379ms
2024-11-13 21:09:01.026 +05:30  INF  Request starting HTTP/1.1 OPTIONS http://localhost:5145/user/changeaddress?displayid=a8701061-246f-4f0a-b7db-cf788913b18d&recordid=1007 - -
2024-11-13 21:09:01.026 +05:30  INF  CORS policy execution successful.
2024-11-13 21:09:01.026 +05:30  INF  Request finished HTTP/1.1 OPTIONS http://localhost:5145/user/changeaddress?displayid=a8701061-246f-4f0a-b7db-cf788913b18d&recordid=1007 - - - 204 - - 0.3656ms
2024-11-13 21:09:01.029 +05:30  INF  Request starting HTTP/1.1 PUT http://localhost:5145/user/changeaddress?displayid=a8701061-246f-4f0a-b7db-cf788913b18d&recordid=1007 application/json 0
2024-11-13 21:09:01.029 +05:30  INF  CORS policy execution successful.
2024-11-13 21:09:01.029 +05:30  INF  Executing endpoint 'BAKERBAZZAR.API.Controller.UserController.ChangeAddress (BAKERBAZZAR.API)'
2024-11-13 21:09:01.029 +05:30  INF  Route matched with {action = "ChangeAddress", controller = "User"}. Executing controller action with signature System.Threading.Tasks.Task`1[Microsoft.AspNetCore.Mvc.ActionResult`1[BAKERBAZZAR.API.Models.ApiResponse]] ChangeAddress(System.String, Int32) on controller BAKERBAZZAR.API.Controller.UserController (BAKERBAZZAR.API).
2024-11-13 21:09:01.032 +05:30  INF  Executing ObjectResult, writing value of type 'BAKERBAZZAR.API.Models.ApiResponse'.
2024-11-13 21:09:01.032 +05:30  INF  Executed action BAKERBAZZAR.API.Controller.UserController.ChangeAddress (BAKERBAZZAR.API) in 2.5271ms
2024-11-13 21:09:01.032 +05:30  INF  Executed endpoint 'BAKERBAZZAR.API.Controller.UserController.ChangeAddress (BAKERBAZZAR.API)'
2024-11-13 21:09:01.032 +05:30  INF  Request finished HTTP/1.1 PUT http://localhost:5145/user/changeaddress?displayid=a8701061-246f-4f0a-b7db-cf788913b18d&recordid=1007 application/json 0 - 200 - application/json;+charset=utf-8 3.3887ms
2024-11-13 21:09:01.158 +05:30  INF  Request starting HTTP/1.1 GET http://localhost:5145/user/cartdetails?displayId=f15b0b51-97dd-423c-a858-62efc41df3cb application/json -
2024-11-13 21:09:01.158 +05:30  INF  CORS policy execution successful.
2024-11-13 21:09:01.158 +05:30  INF  Executing endpoint 'BAKERBAZZAR.API.Controller.UserController.CartDetails (BAKERBAZZAR.API)'
2024-11-13 21:09:01.159 +05:30  INF  Route matched with {action = "CartDetails", controller = "User"}. Executing controller action with signature System.Threading.Tasks.Task`1[Microsoft.AspNetCore.Mvc.ActionResult`1[BAKERBAZZAR.API.Models.ApiResponse]] CartDetails(System.String) on controller BAKERBAZZAR.API.Controller.UserController (BAKERBAZZAR.API).
2024-11-13 21:09:01.159 +05:30  INF  Executing ObjectResult, writing value of type 'BAKERBAZZAR.API.Models.ApiResponse'.
2024-11-13 21:09:01.159 +05:30  INF  Executed action BAKERBAZZAR.API.Controller.UserController.CartDetails (BAKERBAZZAR.API) in 0.8414ms
2024-11-13 21:09:01.159 +05:30  INF  Executed endpoint 'BAKERBAZZAR.API.Controller.UserController.CartDetails (BAKERBAZZAR.API)'
2024-11-13 21:09:01.159 +05:30  INF  Request finished HTTP/1.1 GET http://localhost:5145/user/cartdetails?displayId=f15b0b51-97dd-423c-a858-62efc41df3cb application/json - - 200 - application/json;+charset=utf-8 1.2697ms
2024-11-13 21:09:04.952 +05:30  INF  Request starting HTTP/1.1 OPTIONS http://localhost:5145/user/changeaddress?displayid=a8701061-246f-4f0a-b7db-cf788913b18d&recordid=1035 - -
2024-11-13 21:09:04.952 +05:30  INF  CORS policy execution successful.
2024-11-13 21:09:04.952 +05:30  INF  Request finished HTTP/1.1 OPTIONS http://localhost:5145/user/changeaddress?displayid=a8701061-246f-4f0a-b7db-cf788913b18d&recordid=1035 - - - 204 - - 0.1877ms
2024-11-13 21:09:04.953 +05:30  INF  Request starting HTTP/1.1 PUT http://localhost:5145/user/changeaddress?displayid=a8701061-246f-4f0a-b7db-cf788913b18d&recordid=1035 application/json 0
2024-11-13 21:09:04.953 +05:30  INF  CORS policy execution successful.
2024-11-13 21:09:04.954 +05:30  INF  Executing endpoint 'BAKERBAZZAR.API.Controller.UserController.ChangeAddress (BAKERBAZZAR.API)'
2024-11-13 21:09:04.954 +05:30  INF  Route matched with {action = "ChangeAddress", controller = "User"}. Executing controller action with signature System.Threading.Tasks.Task`1[Microsoft.AspNetCore.Mvc.ActionResult`1[BAKERBAZZAR.API.Models.ApiResponse]] ChangeAddress(System.String, Int32) on controller BAKERBAZZAR.API.Controller.UserController (BAKERBAZZAR.API).
2024-11-13 21:09:04.955 +05:30  INF  Executing ObjectResult, writing value of type 'BAKERBAZZAR.API.Models.ApiResponse'.
2024-11-13 21:09:04.955 +05:30  INF  Executed action BAKERBAZZAR.API.Controller.UserController.ChangeAddress (BAKERBAZZAR.API) in 1.0128ms
2024-11-13 21:09:04.955 +05:30  INF  Executed endpoint 'BAKERBAZZAR.API.Controller.UserController.ChangeAddress (BAKERBAZZAR.API)'
2024-11-13 21:09:04.955 +05:30  INF  Request finished HTTP/1.1 PUT http://localhost:5145/user/changeaddress?displayid=a8701061-246f-4f0a-b7db-cf788913b18d&recordid=1035 application/json 0 - 200 - application/json;+charset=utf-8 1.4570ms
2024-11-13 21:09:05.086 +05:30  INF  Request starting HTTP/1.1 OPTIONS http://localhost:5145/user/cartdetails?displayId=f15b0b51-97dd-423c-a858-62efc41df3cb - -
2024-11-13 21:09:05.087 +05:30  INF  CORS policy execution successful.
2024-11-13 21:09:05.087 +05:30  INF  Request finished HTTP/1.1 OPTIONS http://localhost:5145/user/cartdetails?displayId=f15b0b51-97dd-423c-a858-62efc41df3cb - - - 204 - - 0.2853ms
2024-11-13 21:09:05.088 +05:30  INF  Request starting HTTP/1.1 GET http://localhost:5145/user/cartdetails?displayId=f15b0b51-97dd-423c-a858-62efc41df3cb application/json -
2024-11-13 21:09:05.088 +05:30  INF  CORS policy execution successful.
2024-11-13 21:09:05.089 +05:30  INF  Executing endpoint 'BAKERBAZZAR.API.Controller.UserController.CartDetails (BAKERBAZZAR.API)'
2024-11-13 21:09:05.089 +05:30  INF  Route matched with {action = "CartDetails", controller = "User"}. Executing controller action with signature System.Threading.Tasks.Task`1[Microsoft.AspNetCore.Mvc.ActionResult`1[BAKERBAZZAR.API.Models.ApiResponse]] CartDetails(System.String) on controller BAKERBAZZAR.API.Controller.UserController (BAKERBAZZAR.API).
2024-11-13 21:09:05.092 +05:30  INF  Executing ObjectResult, writing value of type 'BAKERBAZZAR.API.Models.ApiResponse'.
2024-11-13 21:09:05.092 +05:30  INF  Executed action BAKERBAZZAR.API.Controller.UserController.CartDetails (BAKERBAZZAR.API) in 3.1984ms
2024-11-13 21:09:05.092 +05:30  INF  Executed endpoint 'BAKERBAZZAR.API.Controller.UserController.CartDetails (BAKERBAZZAR.API)'
2024-11-13 21:09:05.092 +05:30  INF  Request finished HTTP/1.1 GET http://localhost:5145/user/cartdetails?displayId=f15b0b51-97dd-423c-a858-62efc41df3cb application/json - - 200 - application/json;+charset=utf-8 3.9814ms
2024-11-13 21:09:15.291 +05:30  INF  Request starting HTTP/1.1 OPTIONS http://localhost:5145/user/changeaddress?displayid=e62f03f4-2dcf-4f80-bc23-341651bd9338&recordid=null - -
2024-11-13 21:09:15.291 +05:30  INF  CORS policy execution successful.
2024-11-13 21:09:15.291 +05:30  INF  Request finished HTTP/1.1 OPTIONS http://localhost:5145/user/changeaddress?displayid=e62f03f4-2dcf-4f80-bc23-341651bd9338&recordid=null - - - 204 - - 0.3501ms
2024-11-13 21:09:15.292 +05:30  INF  Request starting HTTP/1.1 PUT http://localhost:5145/user/changeaddress?displayid=e62f03f4-2dcf-4f80-bc23-341651bd9338&recordid=null - 0
2024-11-13 21:09:15.292 +05:30  INF  CORS policy execution successful.
2024-11-13 21:09:15.293 +05:30  INF  Executing endpoint 'BAKERBAZZAR.API.Controller.UserController.ChangeAddress (BAKERBAZZAR.API)'
2024-11-13 21:09:15.293 +05:30  INF  Route matched with {action = "ChangeAddress", controller = "User"}. Executing controller action with signature System.Threading.Tasks.Task`1[Microsoft.AspNetCore.Mvc.ActionResult`1[BAKERBAZZAR.API.Models.ApiResponse]] ChangeAddress(System.String, Int32) on controller BAKERBAZZAR.API.Controller.UserController (BAKERBAZZAR.API).
2024-11-13 21:09:15.294 +05:30  INF  Executing BadRequestObjectResult, writing value of type 'Microsoft.AspNetCore.Mvc.ValidationProblemDetails'.
2024-11-13 21:09:15.294 +05:30  INF  Executed action BAKERBAZZAR.API.Controller.UserController.ChangeAddress (BAKERBAZZAR.API) in 1.3218ms
2024-11-13 21:09:15.294 +05:30  INF  Executed endpoint 'BAKERBAZZAR.API.Controller.UserController.ChangeAddress (BAKERBAZZAR.API)'
2024-11-13 21:09:15.295 +05:30  INF  Request finished HTTP/1.1 PUT http://localhost:5145/user/changeaddress?displayid=e62f03f4-2dcf-4f80-bc23-341651bd9338&recordid=null - 0 - 400 - application/problem+json;+charset=utf-8 2.1643ms
2024-11-13 21:09:15.306 +05:30  INF  Request starting HTTP/1.1 GET http://localhost:5145/User/GetMyAddresses?displayid=e62f03f4-2dcf-4f80-bc23-341651bd9338 - -
2024-11-13 21:09:15.306 +05:30  INF  CORS policy execution successful.
2024-11-13 21:09:15.306 +05:30  INF  Executing endpoint 'BAKERBAZZAR.API.Controller.UserController.GetAddress (BAKERBAZZAR.API)'
2024-11-13 21:09:15.306 +05:30  INF  Route matched with {action = "GetAddress", controller = "User"}. Executing controller action with signature System.Threading.Tasks.Task`1[Microsoft.AspNetCore.Mvc.ActionResult`1[BAKERBAZZAR.API.Models.ApiResponse]] GetAddress(System.String) on controller BAKERBAZZAR.API.Controller.UserController (BAKERBAZZAR.API).
2024-11-13 21:09:15.310 +05:30  INF  Executing ObjectResult, writing value of type 'BAKERBAZZAR.API.Models.ApiResponse'.
2024-11-13 21:09:15.311 +05:30  INF  Executed action BAKERBAZZAR.API.Controller.UserController.GetAddress (BAKERBAZZAR.API) in 4.5227ms
2024-11-13 21:09:15.311 +05:30  INF  Executed endpoint 'BAKERBAZZAR.API.Controller.UserController.GetAddress (BAKERBAZZAR.API)'
2024-11-13 21:09:15.311 +05:30  INF  Request finished HTTP/1.1 GET http://localhost:5145/User/GetMyAddresses?displayid=e62f03f4-2dcf-4f80-bc23-341651bd9338 - - - 200 - application/json;+charset=utf-8 5.2482ms
2024-11-13 21:09:16.319 +05:30  INF  Request starting HTTP/1.1 OPTIONS http://localhost:5145/user/changeaddress?displayid=e62f03f4-2dcf-4f80-bc23-341651bd9338&recordid=1001 - -
2024-11-13 21:09:16.319 +05:30  INF  CORS policy execution successful.
2024-11-13 21:09:16.319 +05:30  INF  Request finished HTTP/1.1 OPTIONS http://localhost:5145/user/changeaddress?displayid=e62f03f4-2dcf-4f80-bc23-341651bd9338&recordid=1001 - - - 204 - - 0.3469ms
2024-11-13 21:09:16.320 +05:30  INF  Request starting HTTP/1.1 PUT http://localhost:5145/user/changeaddress?displayid=e62f03f4-2dcf-4f80-bc23-341651bd9338&recordid=1001 - 0
2024-11-13 21:09:16.320 +05:30  INF  CORS policy execution successful.
2024-11-13 21:09:16.321 +05:30  INF  Executing endpoint 'BAKERBAZZAR.API.Controller.UserController.ChangeAddress (BAKERBAZZAR.API)'
2024-11-13 21:09:16.321 +05:30  INF  Route matched with {action = "ChangeAddress", controller = "User"}. Executing controller action with signature System.Threading.Tasks.Task`1[Microsoft.AspNetCore.Mvc.ActionResult`1[BAKERBAZZAR.API.Models.ApiResponse]] ChangeAddress(System.String, Int32) on controller BAKERBAZZAR.API.Controller.UserController (BAKERBAZZAR.API).
2024-11-13 21:09:16.322 +05:30  INF  Executing ObjectResult, writing value of type 'BAKERBAZZAR.API.Models.ApiResponse'.
2024-11-13 21:09:16.322 +05:30  INF  Executed action BAKERBAZZAR.API.Controller.UserController.ChangeAddress (BAKERBAZZAR.API) in 0.9477ms
2024-11-13 21:09:16.322 +05:30  INF  Executed endpoint 'BAKERBAZZAR.API.Controller.UserController.ChangeAddress (BAKERBAZZAR.API)'
2024-11-13 21:09:16.322 +05:30  INF  Request finished HTTP/1.1 PUT http://localhost:5145/user/changeaddress?displayid=e62f03f4-2dcf-4f80-bc23-341651bd9338&recordid=1001 - 0 - 200 - application/json;+charset=utf-8 1.4682ms
2024-11-13 21:09:21.997 +05:30  INF  Request starting HTTP/1.1 GET http://localhost:5145/User/GetMyAddresses?displayid=e62f03f4-2dcf-4f80-bc23-341651bd9338 - -
2024-11-13 21:09:21.997 +05:30  INF  CORS policy execution successful.
2024-11-13 21:09:21.997 +05:30  INF  Executing endpoint 'BAKERBAZZAR.API.Controller.UserController.GetAddress (BAKERBAZZAR.API)'
2024-11-13 21:09:21.997 +05:30  INF  Route matched with {action = "GetAddress", controller = "User"}. Executing controller action with signature System.Threading.Tasks.Task`1[Microsoft.AspNetCore.Mvc.ActionResult`1[BAKERBAZZAR.API.Models.ApiResponse]] GetAddress(System.String) on controller BAKERBAZZAR.API.Controller.UserController (BAKERBAZZAR.API).
2024-11-13 21:09:22.000 +05:30  INF  Executing ObjectResult, writing value of type 'BAKERBAZZAR.API.Models.ApiResponse'.
2024-11-13 21:09:22.000 +05:30  INF  Executed action BAKERBAZZAR.API.Controller.UserController.GetAddress (BAKERBAZZAR.API) in 2.7739ms
2024-11-13 21:09:22.000 +05:30  INF  Executed endpoint 'BAKERBAZZAR.API.Controller.UserController.GetAddress (BAKERBAZZAR.API)'
2024-11-13 21:09:22.000 +05:30  INF  Request finished HTTP/1.1 GET http://localhost:5145/User/GetMyAddresses?displayid=e62f03f4-2dcf-4f80-bc23-341651bd9338 - - - 200 - application/json;+charset=utf-8 3.5214ms
2024-11-13 21:09:22.003 +05:30  INF  Request starting HTTP/1.1 GET http://localhost:5145/User/Category - -
2024-11-13 21:09:22.004 +05:30  INF  CORS policy execution successful.
2024-11-13 21:09:22.004 +05:30  INF  Executing endpoint 'BAKERBAZZAR.API.Controller.UserController.Category (BAKERBAZZAR.API)'
2024-11-13 21:09:22.004 +05:30  INF  Route matched with {action = "Category", controller = "User"}. Executing controller action with signature System.Threading.Tasks.Task`1[Microsoft.AspNetCore.Mvc.ActionResult`1[BAKERBAZZAR.API.Models.ApiResponse]] Category(System.String) on controller BAKERBAZZAR.API.Controller.UserController (BAKERBAZZAR.API).
2024-11-13 21:09:22.007 +05:30  INF  Request starting HTTP/1.1 GET http://localhost:5145/user/products?categoryid= - -
2024-11-13 21:09:22.007 +05:30  INF  CORS policy execution successful.
2024-11-13 21:09:22.007 +05:30  INF  Executing endpoint 'BAKERBAZZAR.API.Controller.UserController.Products (BAKERBAZZAR.API)'
2024-11-13 21:09:22.007 +05:30  INF  Route matched with {action = "Products", controller = "User"}. Executing controller action with signature System.Threading.Tasks.Task`1[Microsoft.AspNetCore.Mvc.ActionResult`1[BAKERBAZZAR.API.Models.ApiResponse]] Products(System.String, System.String) on controller BAKERBAZZAR.API.Controller.UserController (BAKERBAZZAR.API).
2024-11-13 21:09:22.019 +05:30  INF  Executing ObjectResult, writing value of type 'BAKERBAZZAR.API.Models.ApiResponse'.
2024-11-13 21:09:22.019 +05:30  INF  Executed action BAKERBAZZAR.API.Controller.UserController.Category (BAKERBAZZAR.API) in 14.914ms
2024-11-13 21:09:22.019 +05:30  INF  Executed endpoint 'BAKERBAZZAR.API.Controller.UserController.Category (BAKERBAZZAR.API)'
2024-11-13 21:09:22.019 +05:30  INF  Request finished HTTP/1.1 GET http://localhost:5145/User/Category - - - 200 - application/json;+charset=utf-8 15.8410ms
2024-11-13 21:09:22.026 +05:30  INF  Executing ObjectResult, writing value of type 'BAKERBAZZAR.API.Models.ApiResponse'.
2024-11-13 21:09:22.027 +05:30  INF  Executed action BAKERBAZZAR.API.Controller.UserController.Products (BAKERBAZZAR.API) in 19.7188ms
2024-11-13 21:09:22.027 +05:30  INF  Executed endpoint 'BAKERBAZZAR.API.Controller.UserController.Products (BAKERBAZZAR.API)'
2024-11-13 21:09:22.027 +05:30  INF  Request finished HTTP/1.1 GET http://localhost:5145/user/products?categoryid= - - - 200 - application/json;+charset=utf-8 20.5963ms
2024-11-13 21:09:22.418 +05:30  INF  Request starting HTTP/1.1 GET http://localhost:5145/User/GetMyAddresses?displayid=e62f03f4-2dcf-4f80-bc23-341651bd9338 - -
2024-11-13 21:09:22.418 +05:30  INF  CORS policy execution successful.
2024-11-13 21:09:22.418 +05:30  INF  Executing endpoint 'BAKERBAZZAR.API.Controller.UserController.GetAddress (BAKERBAZZAR.API)'
2024-11-13 21:09:22.420 +05:30  INF  Route matched with {action = "GetAddress", controller = "User"}. Executing controller action with signature System.Threading.Tasks.Task`1[Microsoft.AspNetCore.Mvc.ActionResult`1[BAKERBAZZAR.API.Models.ApiResponse]] GetAddress(System.String) on controller BAKERBAZZAR.API.Controller.UserController (BAKERBAZZAR.API).
2024-11-13 21:09:22.422 +05:30  INF  Executing ObjectResult, writing value of type 'BAKERBAZZAR.API.Models.ApiResponse'.
2024-11-13 21:09:22.422 +05:30  INF  Executed action BAKERBAZZAR.API.Controller.UserController.GetAddress (BAKERBAZZAR.API) in 2.1607ms
2024-11-13 21:09:22.422 +05:30  INF  Executed endpoint 'BAKERBAZZAR.API.Controller.UserController.GetAddress (BAKERBAZZAR.API)'
2024-11-13 21:09:22.422 +05:30  INF  Request finished HTTP/1.1 GET http://localhost:5145/User/GetMyAddresses?displayid=e62f03f4-2dcf-4f80-bc23-341651bd9338 - - - 200 - application/json;+charset=utf-8 4.2277ms
2024-11-13 21:09:22.434 +05:30  INF  Request starting HTTP/1.1 GET http://localhost:5145/User/Category - -
2024-11-13 21:09:22.434 +05:30  INF  CORS policy execution successful.
2024-11-13 21:09:22.435 +05:30  INF  Executing endpoint 'BAKERBAZZAR.API.Controller.UserController.Category (BAKERBAZZAR.API)'
2024-11-13 21:09:22.435 +05:30  INF  Route matched with {action = "Category", controller = "User"}. Executing controller action with signature System.Threading.Tasks.Task`1[Microsoft.AspNetCore.Mvc.ActionResult`1[BAKERBAZZAR.API.Models.ApiResponse]] Category(System.String) on controller BAKERBAZZAR.API.Controller.UserController (BAKERBAZZAR.API).
2024-11-13 21:09:22.437 +05:30  INF  Request starting HTTP/1.1 GET http://localhost:5145/user/products?categoryid= - -
2024-11-13 21:09:22.437 +05:30  INF  CORS policy execution successful.
2024-11-13 21:09:22.437 +05:30  INF  Executing endpoint 'BAKERBAZZAR.API.Controller.UserController.Products (BAKERBAZZAR.API)'
2024-11-13 21:09:22.437 +05:30  INF  Route matched with {action = "Products", controller = "User"}. Executing controller action with signature System.Threading.Tasks.Task`1[Microsoft.AspNetCore.Mvc.ActionResult`1[BAKERBAZZAR.API.Models.ApiResponse]] Products(System.String, System.String) on controller BAKERBAZZAR.API.Controller.UserController (BAKERBAZZAR.API).
2024-11-13 21:09:22.439 +05:30  INF  Executing ObjectResult, writing value of type 'BAKERBAZZAR.API.Models.ApiResponse'.
2024-11-13 21:09:22.439 +05:30  INF  Executed action BAKERBAZZAR.API.Controller.UserController.Category (BAKERBAZZAR.API) in 3.8333ms
2024-11-13 21:09:22.439 +05:30  INF  Executed endpoint 'BAKERBAZZAR.API.Controller.UserController.Category (BAKERBAZZAR.API)'
2024-11-13 21:09:22.439 +05:30  INF  Request finished HTTP/1.1 GET http://localhost:5145/User/Category - - - 200 - application/json;+charset=utf-8 4.9230ms
2024-11-13 21:09:22.444 +05:30  INF  Executing ObjectResult, writing value of type 'BAKERBAZZAR.API.Models.ApiResponse'.
2024-11-13 21:09:22.445 +05:30  INF  Executed action BAKERBAZZAR.API.Controller.UserController.Products (BAKERBAZZAR.API) in 7.6229ms
2024-11-13 21:09:22.445 +05:30  INF  Executed endpoint 'BAKERBAZZAR.API.Controller.UserController.Products (BAKERBAZZAR.API)'
2024-11-13 21:09:22.445 +05:30  INF  Request finished HTTP/1.1 GET http://localhost:5145/user/products?categoryid= - - - 200 - application/json;+charset=utf-8 8.2539ms
2024-11-13 21:09:29.119 +05:30  INF  Request starting HTTP/1.1 OPTIONS http://localhost:5145/user/changeaddress?displayid=a8701061-246f-4f0a-b7db-cf788913b18d&recordid=1000 - -
2024-11-13 21:09:29.120 +05:30  INF  CORS policy execution successful.
2024-11-13 21:09:29.120 +05:30  INF  Request finished HTTP/1.1 OPTIONS http://localhost:5145/user/changeaddress?displayid=a8701061-246f-4f0a-b7db-cf788913b18d&recordid=1000 - - - 204 - - 1.5013ms
2024-11-13 21:09:29.122 +05:30  INF  Request starting HTTP/1.1 PUT http://localhost:5145/user/changeaddress?displayid=a8701061-246f-4f0a-b7db-cf788913b18d&recordid=1000 application/json 0
2024-11-13 21:09:29.122 +05:30  INF  CORS policy execution successful.
2024-11-13 21:09:29.122 +05:30  INF  Executing endpoint 'BAKERBAZZAR.API.Controller.UserController.ChangeAddress (BAKERBAZZAR.API)'
2024-11-13 21:09:29.123 +05:30  INF  Route matched with {action = "ChangeAddress", controller = "User"}. Executing controller action with signature System.Threading.Tasks.Task`1[Microsoft.AspNetCore.Mvc.ActionResult`1[BAKERBAZZAR.API.Models.ApiResponse]] ChangeAddress(System.String, Int32) on controller BAKERBAZZAR.API.Controller.UserController (BAKERBAZZAR.API).
2024-11-13 21:09:29.176 +05:30  INF  Executing ObjectResult, writing value of type 'BAKERBAZZAR.API.Models.ApiResponse'.
2024-11-13 21:09:29.176 +05:30  INF  Executed action BAKERBAZZAR.API.Controller.UserController.ChangeAddress (BAKERBAZZAR.API) in 53.159ms
2024-11-13 21:09:29.176 +05:30  INF  Executed endpoint 'BAKERBAZZAR.API.Controller.UserController.ChangeAddress (BAKERBAZZAR.API)'
2024-11-13 21:09:29.176 +05:30  INF  Request finished HTTP/1.1 PUT http://localhost:5145/user/changeaddress?displayid=a8701061-246f-4f0a-b7db-cf788913b18d&recordid=1000 application/json 0 - 200 - application/json;+charset=utf-8 53.9748ms
2024-11-13 21:09:29.346 +05:30  INF  Request starting HTTP/1.1 OPTIONS http://localhost:5145/user/cartdetails?displayId=f15b0b51-97dd-423c-a858-62efc41df3cb - -
2024-11-13 21:09:29.347 +05:30  INF  CORS policy execution successful.
2024-11-13 21:09:29.347 +05:30  INF  Request finished HTTP/1.1 OPTIONS http://localhost:5145/user/cartdetails?displayId=f15b0b51-97dd-423c-a858-62efc41df3cb - - - 204 - - 0.3192ms
2024-11-13 21:09:29.348 +05:30  INF  Request starting HTTP/1.1 GET http://localhost:5145/user/cartdetails?displayId=f15b0b51-97dd-423c-a858-62efc41df3cb application/json -
2024-11-13 21:09:29.348 +05:30  INF  CORS policy execution successful.
2024-11-13 21:09:29.348 +05:30  INF  Executing endpoint 'BAKERBAZZAR.API.Controller.UserController.CartDetails (BAKERBAZZAR.API)'
2024-11-13 21:09:29.348 +05:30  INF  Route matched with {action = "CartDetails", controller = "User"}. Executing controller action with signature System.Threading.Tasks.Task`1[Microsoft.AspNetCore.Mvc.ActionResult`1[BAKERBAZZAR.API.Models.ApiResponse]] CartDetails(System.String) on controller BAKERBAZZAR.API.Controller.UserController (BAKERBAZZAR.API).
2024-11-13 21:09:29.706 +05:30  INF  Executing ObjectResult, writing value of type 'BAKERBAZZAR.API.Models.ApiResponse'.
2024-11-13 21:09:29.706 +05:30  INF  Executed action BAKERBAZZAR.API.Controller.UserController.CartDetails (BAKERBAZZAR.API) in 357.7888ms
2024-11-13 21:09:29.706 +05:30  INF  Executed endpoint 'BAKERBAZZAR.API.Controller.UserController.CartDetails (BAKERBAZZAR.API)'
2024-11-13 21:09:29.707 +05:30  INF  Request finished HTTP/1.1 GET http://localhost:5145/user/cartdetails?displayId=f15b0b51-97dd-423c-a858-62efc41df3cb application/json - - 200 - application/json;+charset=utf-8 358.3490ms
2024-11-13 21:09:34.046 +05:30  INF  Request starting HTTP/1.1 PUT http://localhost:5145/user/changeaddress?displayid=a8701061-246f-4f0a-b7db-cf788913b18d&recordid=1000 application/json 0
2024-11-13 21:09:34.046 +05:30  INF  CORS policy execution successful.
2024-11-13 21:09:34.046 +05:30  INF  Executing endpoint 'BAKERBAZZAR.API.Controller.UserController.ChangeAddress (BAKERBAZZAR.API)'
2024-11-13 21:09:34.046 +05:30  INF  Route matched with {action = "ChangeAddress", controller = "User"}. Executing controller action with signature System.Threading.Tasks.Task`1[Microsoft.AspNetCore.Mvc.ActionResult`1[BAKERBAZZAR.API.Models.ApiResponse]] ChangeAddress(System.String, Int32) on controller BAKERBAZZAR.API.Controller.UserController (BAKERBAZZAR.API).
2024-11-13 21:09:34.067 +05:30  INF  Executing ObjectResult, writing value of type 'BAKERBAZZAR.API.Models.ApiResponse'.
2024-11-13 21:09:34.067 +05:30  INF  Executed action BAKERBAZZAR.API.Controller.UserController.ChangeAddress (BAKERBAZZAR.API) in 20.8452ms
2024-11-13 21:09:34.067 +05:30  INF  Executed endpoint 'BAKERBAZZAR.API.Controller.UserController.ChangeAddress (BAKERBAZZAR.API)'
2024-11-13 21:09:34.067 +05:30  INF  Request finished HTTP/1.1 PUT http://localhost:5145/user/changeaddress?displayid=a8701061-246f-4f0a-b7db-cf788913b18d&recordid=1000 application/json 0 - 200 - application/json;+charset=utf-8 21.4824ms
2024-11-13 21:09:34.196 +05:30  INF  Request starting HTTP/1.1 GET http://localhost:5145/user/cartdetails?displayId=f15b0b51-97dd-423c-a858-62efc41df3cb application/json -
2024-11-13 21:09:34.196 +05:30  INF  CORS policy execution successful.
2024-11-13 21:09:34.196 +05:30  INF  Executing endpoint 'BAKERBAZZAR.API.Controller.UserController.CartDetails (BAKERBAZZAR.API)'
2024-11-13 21:09:34.196 +05:30  INF  Route matched with {action = "CartDetails", controller = "User"}. Executing controller action with signature System.Threading.Tasks.Task`1[Microsoft.AspNetCore.Mvc.ActionResult`1[BAKERBAZZAR.API.Models.ApiResponse]] CartDetails(System.String) on controller BAKERBAZZAR.API.Controller.UserController (BAKERBAZZAR.API).
2024-11-13 21:09:34.325 +05:30  INF  Executing ObjectResult, writing value of type 'BAKERBAZZAR.API.Models.ApiResponse'.
2024-11-13 21:09:34.325 +05:30  INF  Executed action BAKERBAZZAR.API.Controller.UserController.CartDetails (BAKERBAZZAR.API) in 128.6868ms
2024-11-13 21:09:34.325 +05:30  INF  Executed endpoint 'BAKERBAZZAR.API.Controller.UserController.CartDetails (BAKERBAZZAR.API)'
2024-11-13 21:09:34.325 +05:30  INF  Request finished HTTP/1.1 GET http://localhost:5145/user/cartdetails?displayId=f15b0b51-97dd-423c-a858-62efc41df3cb application/json - - 200 - application/json;+charset=utf-8 129.2698ms
2024-11-13 21:09:38.259 +05:30  INF  Request starting HTTP/1.1 OPTIONS http://localhost:5145/user/getmyaddresses?displayid=a8701061-246f-4f0a-b7db-cf788913b18d - -
2024-11-13 21:09:38.259 +05:30  INF  CORS policy execution successful.
2024-11-13 21:09:38.259 +05:30  INF  Request finished HTTP/1.1 OPTIONS http://localhost:5145/user/getmyaddresses?displayid=a8701061-246f-4f0a-b7db-cf788913b18d - - - 204 - - 0.5156ms
2024-11-13 21:09:38.262 +05:30  INF  Request starting HTTP/1.1 GET http://localhost:5145/user/getmyaddresses?displayid=a8701061-246f-4f0a-b7db-cf788913b18d application/json -
2024-11-13 21:09:38.263 +05:30  INF  CORS policy execution successful.
2024-11-13 21:09:38.263 +05:30  INF  Executing endpoint 'BAKERBAZZAR.API.Controller.UserController.GetAddress (BAKERBAZZAR.API)'
2024-11-13 21:09:38.263 +05:30  INF  Route matched with {action = "GetAddress", controller = "User"}. Executing controller action with signature System.Threading.Tasks.Task`1[Microsoft.AspNetCore.Mvc.ActionResult`1[BAKERBAZZAR.API.Models.ApiResponse]] GetAddress(System.String) on controller BAKERBAZZAR.API.Controller.UserController (BAKERBAZZAR.API).
2024-11-13 21:09:42.070 +05:30  INF  Executing ObjectResult, writing value of type 'BAKERBAZZAR.API.Models.ApiResponse'.
2024-11-13 21:09:42.070 +05:30  INF  Executed action BAKERBAZZAR.API.Controller.UserController.GetAddress (BAKERBAZZAR.API) in 3807.3816ms
2024-11-13 21:09:42.070 +05:30  INF  Executed endpoint 'BAKERBAZZAR.API.Controller.UserController.GetAddress (BAKERBAZZAR.API)'
2024-11-13 21:09:42.070 +05:30  INF  Request finished HTTP/1.1 GET http://localhost:5145/user/getmyaddresses?displayid=a8701061-246f-4f0a-b7db-cf788913b18d application/json - - 200 - application/json;+charset=utf-8 3808.2345ms
2024-11-13 21:09:42.854 +05:30  INF  Request starting HTTP/1.1 GET http://localhost:5145/user/getmyaddresses?displayid=a8701061-246f-4f0a-b7db-cf788913b18d application/json -
2024-11-13 21:09:42.854 +05:30  INF  CORS policy execution successful.
2024-11-13 21:09:42.854 +05:30  INF  Executing endpoint 'BAKERBAZZAR.API.Controller.UserController.GetAddress (BAKERBAZZAR.API)'
2024-11-13 21:09:42.855 +05:30  INF  Route matched with {action = "GetAddress", controller = "User"}. Executing controller action with signature System.Threading.Tasks.Task`1[Microsoft.AspNetCore.Mvc.ActionResult`1[BAKERBAZZAR.API.Models.ApiResponse]] GetAddress(System.String) on controller BAKERBAZZAR.API.Controller.UserController (BAKERBAZZAR.API).
2024-11-13 21:09:43.490 +05:30  INF  Executing ObjectResult, writing value of type 'BAKERBAZZAR.API.Models.ApiResponse'.
2024-11-13 21:09:43.490 +05:30  INF  Executed action BAKERBAZZAR.API.Controller.UserController.GetAddress (BAKERBAZZAR.API) in 635.4426ms
2024-11-13 21:09:43.490 +05:30  INF  Executed endpoint 'BAKERBAZZAR.API.Controller.UserController.GetAddress (BAKERBAZZAR.API)'
2024-11-13 21:09:43.490 +05:30  INF  Request finished HTTP/1.1 GET http://localhost:5145/user/getmyaddresses?displayid=a8701061-246f-4f0a-b7db-cf788913b18d application/json - - 200 - application/json;+charset=utf-8 636.2437ms
2024-11-13 21:09:48.063 +05:30  INF  Request starting HTTP/1.1 GET http://localhost:5145/User/Category - -
2024-11-13 21:09:48.064 +05:30  INF  CORS policy execution successful.
2024-11-13 21:09:48.064 +05:30  INF  Executing endpoint 'BAKERBAZZAR.API.Controller.UserController.Category (BAKERBAZZAR.API)'
2024-11-13 21:09:48.064 +05:30  INF  Request starting HTTP/1.1 GET http://localhost:5145/user/products?categoryid= - -
2024-11-13 21:09:48.064 +05:30  INF  Route matched with {action = "Category", controller = "User"}. Executing controller action with signature System.Threading.Tasks.Task`1[Microsoft.AspNetCore.Mvc.ActionResult`1[BAKERBAZZAR.API.Models.ApiResponse]] Category(System.String) on controller BAKERBAZZAR.API.Controller.UserController (BAKERBAZZAR.API).
2024-11-13 21:09:48.064 +05:30  INF  CORS policy execution successful.
2024-11-13 21:09:48.065 +05:30  INF  Executing endpoint 'BAKERBAZZAR.API.Controller.UserController.Products (BAKERBAZZAR.API)'
2024-11-13 21:09:48.065 +05:30  INF  Route matched with {action = "Products", controller = "User"}. Executing controller action with signature System.Threading.Tasks.Task`1[Microsoft.AspNetCore.Mvc.ActionResult`1[BAKERBAZZAR.API.Models.ApiResponse]] Products(System.String, System.String) on controller BAKERBAZZAR.API.Controller.UserController (BAKERBAZZAR.API).
2024-11-13 21:09:48.065 +05:30  INF  Request starting HTTP/1.1 GET http://localhost:5145/User/GetMyAddresses?displayid=e62f03f4-2dcf-4f80-bc23-341651bd9338 - -
2024-11-13 21:09:48.065 +05:30  INF  CORS policy execution successful.
2024-11-13 21:09:48.065 +05:30  INF  Executing endpoint 'BAKERBAZZAR.API.Controller.UserController.GetAddress (BAKERBAZZAR.API)'
2024-11-13 21:09:48.065 +05:30  INF  Route matched with {action = "GetAddress", controller = "User"}. Executing controller action with signature System.Threading.Tasks.Task`1[Microsoft.AspNetCore.Mvc.ActionResult`1[BAKERBAZZAR.API.Models.ApiResponse]] GetAddress(System.String) on controller BAKERBAZZAR.API.Controller.UserController (BAKERBAZZAR.API).
2024-11-13 21:09:48.079 +05:30  INF  Executing ObjectResult, writing value of type 'BAKERBAZZAR.API.Models.ApiResponse'.
2024-11-13 21:09:48.079 +05:30  INF  Executed action BAKERBAZZAR.API.Controller.UserController.GetAddress (BAKERBAZZAR.API) in 13.9759ms
2024-11-13 21:09:48.080 +05:30  INF  Executed endpoint 'BAKERBAZZAR.API.Controller.UserController.GetAddress (BAKERBAZZAR.API)'
2024-11-13 21:09:48.080 +05:30  INF  Request finished HTTP/1.1 GET http://localhost:5145/User/GetMyAddresses?displayid=e62f03f4-2dcf-4f80-bc23-341651bd9338 - - - 200 - application/json;+charset=utf-8 14.9141ms
2024-11-13 21:09:48.112 +05:30  INF  Executing ObjectResult, writing value of type 'BAKERBAZZAR.API.Models.ApiResponse'.
2024-11-13 21:09:48.113 +05:30  INF  Executed action BAKERBAZZAR.API.Controller.UserController.Category (BAKERBAZZAR.API) in 48.4868ms
2024-11-13 21:09:48.113 +05:30  INF  Executed endpoint 'BAKERBAZZAR.API.Controller.UserController.Category (BAKERBAZZAR.API)'
2024-11-13 21:09:48.113 +05:30  INF  Request finished HTTP/1.1 GET http://localhost:5145/User/Category - - - 200 - application/json;+charset=utf-8 50.0370ms
2024-11-13 21:09:48.120 +05:30  INF  Executing ObjectResult, writing value of type 'BAKERBAZZAR.API.Models.ApiResponse'.
2024-11-13 21:09:48.121 +05:30  INF  Executed action BAKERBAZZAR.API.Controller.UserController.Products (BAKERBAZZAR.API) in 56.6487ms
2024-11-13 21:09:48.121 +05:30  INF  Executed endpoint 'BAKERBAZZAR.API.Controller.UserController.Products (BAKERBAZZAR.API)'
2024-11-13 21:09:48.122 +05:30  INF  Request finished HTTP/1.1 GET http://localhost:5145/user/products?categoryid= - - - 200 - application/json;+charset=utf-8 57.2798ms
2024-11-13 21:09:48.232 +05:30  INF  Request starting HTTP/1.1 GET http://localhost:5145/User/GetMyAddresses?displayid=e62f03f4-2dcf-4f80-bc23-341651bd9338 - -
2024-11-13 21:09:48.232 +05:30  INF  CORS policy execution successful.
2024-11-13 21:09:48.232 +05:30  INF  Executing endpoint 'BAKERBAZZAR.API.Controller.UserController.GetAddress (BAKERBAZZAR.API)'
2024-11-13 21:09:48.232 +05:30  INF  Route matched with {action = "GetAddress", controller = "User"}. Executing controller action with signature System.Threading.Tasks.Task`1[Microsoft.AspNetCore.Mvc.ActionResult`1[BAKERBAZZAR.API.Models.ApiResponse]] GetAddress(System.String) on controller BAKERBAZZAR.API.Controller.UserController (BAKERBAZZAR.API).
2024-11-13 21:09:48.234 +05:30  INF  Executing ObjectResult, writing value of type 'BAKERBAZZAR.API.Models.ApiResponse'.
2024-11-13 21:09:48.235 +05:30  INF  Executed action BAKERBAZZAR.API.Controller.UserController.GetAddress (BAKERBAZZAR.API) in 2.3507ms
2024-11-13 21:09:48.235 +05:30  INF  Executed endpoint 'BAKERBAZZAR.API.Controller.UserController.GetAddress (BAKERBAZZAR.API)'
2024-11-13 21:09:48.235 +05:30  INF  Request finished HTTP/1.1 GET http://localhost:5145/User/GetMyAddresses?displayid=e62f03f4-2dcf-4f80-bc23-341651bd9338 - - - 200 - application/json;+charset=utf-8 3.1943ms
2024-11-13 21:09:48.235 +05:30  INF  Request starting HTTP/1.1 GET http://localhost:5145/User/Category - -
2024-11-13 21:09:48.235 +05:30  INF  CORS policy execution successful.
2024-11-13 21:09:48.236 +05:30  INF  Executing endpoint 'BAKERBAZZAR.API.Controller.UserController.Category (BAKERBAZZAR.API)'
2024-11-13 21:09:48.236 +05:30  INF  Route matched with {action = "Category", controller = "User"}. Executing controller action with signature System.Threading.Tasks.Task`1[Microsoft.AspNetCore.Mvc.ActionResult`1[BAKERBAZZAR.API.Models.ApiResponse]] Category(System.String) on controller BAKERBAZZAR.API.Controller.UserController (BAKERBAZZAR.API).
2024-11-13 21:09:48.239 +05:30  INF  Request starting HTTP/1.1 GET http://localhost:5145/user/products?categoryid= - -
2024-11-13 21:09:48.239 +05:30  INF  CORS policy execution successful.
2024-11-13 21:09:48.239 +05:30  INF  Executing ObjectResult, writing value of type 'BAKERBAZZAR.API.Models.ApiResponse'.
2024-11-13 21:09:48.239 +05:30  INF  Executing endpoint 'BAKERBAZZAR.API.Controller.UserController.Products (BAKERBAZZAR.API)'
2024-11-13 21:09:48.239 +05:30  INF  Route matched with {action = "Products", controller = "User"}. Executing controller action with signature System.Threading.Tasks.Task`1[Microsoft.AspNetCore.Mvc.ActionResult`1[BAKERBAZZAR.API.Models.ApiResponse]] Products(System.String, System.String) on controller BAKERBAZZAR.API.Controller.UserController (BAKERBAZZAR.API).
2024-11-13 21:09:48.239 +05:30  INF  Executed action BAKERBAZZAR.API.Controller.UserController.Category (BAKERBAZZAR.API) in 3.6174ms
2024-11-13 21:09:48.240 +05:30  INF  Executed endpoint 'BAKERBAZZAR.API.Controller.UserController.Category (BAKERBAZZAR.API)'
2024-11-13 21:09:48.240 +05:30  INF  Request finished HTTP/1.1 GET http://localhost:5145/User/Category - - - 200 - application/json;+charset=utf-8 4.3537ms
2024-11-13 21:09:48.246 +05:30  INF  Executing ObjectResult, writing value of type 'BAKERBAZZAR.API.Models.ApiResponse'.
2024-11-13 21:09:48.249 +05:30  INF  Executed action BAKERBAZZAR.API.Controller.UserController.Products (BAKERBAZZAR.API) in 8.6921ms
2024-11-13 21:09:48.249 +05:30  INF  Executed endpoint 'BAKERBAZZAR.API.Controller.UserController.Products (BAKERBAZZAR.API)'
2024-11-13 21:09:48.249 +05:30  INF  Request finished HTTP/1.1 GET http://localhost:5145/user/products?categoryid= - - - 200 - application/json;+charset=utf-8 10.3451ms
2024-11-13 21:10:20.296 +05:30  INF  Request starting HTTP/1.1 GET http://localhost:5145/User/GetMyAddresses?displayid=e62f03f4-2dcf-4f80-bc23-341651bd9338 - -
2024-11-13 21:10:20.296 +05:30  INF  CORS policy execution successful.
2024-11-13 21:10:20.297 +05:30  INF  Executing endpoint 'BAKERBAZZAR.API.Controller.UserController.GetAddress (BAKERBAZZAR.API)'
2024-11-13 21:10:20.297 +05:30  INF  Route matched with {action = "GetAddress", controller = "User"}. Executing controller action with signature System.Threading.Tasks.Task`1[Microsoft.AspNetCore.Mvc.ActionResult`1[BAKERBAZZAR.API.Models.ApiResponse]] GetAddress(System.String) on controller BAKERBAZZAR.API.Controller.UserController (BAKERBAZZAR.API).
2024-11-13 21:10:20.305 +05:30  INF  Executing ObjectResult, writing value of type 'BAKERBAZZAR.API.Models.ApiResponse'.
2024-11-13 21:10:20.305 +05:30  INF  Executed action BAKERBAZZAR.API.Controller.UserController.GetAddress (BAKERBAZZAR.API) in 7.9623ms
2024-11-13 21:10:20.305 +05:30  INF  Executed endpoint 'BAKERBAZZAR.API.Controller.UserController.GetAddress (BAKERBAZZAR.API)'
2024-11-13 21:10:20.306 +05:30  INF  Request finished HTTP/1.1 GET http://localhost:5145/User/GetMyAddresses?displayid=e62f03f4-2dcf-4f80-bc23-341651bd9338 - - - 200 - application/json;+charset=utf-8 9.9870ms
2024-11-13 21:10:23.156 +05:30  INF  Request starting HTTP/1.1 OPTIONS http://localhost:5145/user/changeaddress?displayid=e62f03f4-2dcf-4f80-bc23-341651bd9338&recordid=null - -
2024-11-13 21:10:23.157 +05:30  INF  CORS policy execution successful.
2024-11-13 21:10:23.157 +05:30  INF  Request finished HTTP/1.1 OPTIONS http://localhost:5145/user/changeaddress?displayid=e62f03f4-2dcf-4f80-bc23-341651bd9338&recordid=null - - - 204 - - 0.5673ms
2024-11-13 21:10:23.158 +05:30  INF  Request starting HTTP/1.1 PUT http://localhost:5145/user/changeaddress?displayid=e62f03f4-2dcf-4f80-bc23-341651bd9338&recordid=null - 0
2024-11-13 21:10:23.158 +05:30  INF  CORS policy execution successful.
2024-11-13 21:10:23.158 +05:30  INF  Executing endpoint 'BAKERBAZZAR.API.Controller.UserController.ChangeAddress (BAKERBAZZAR.API)'
2024-11-13 21:10:23.158 +05:30  INF  Route matched with {action = "ChangeAddress", controller = "User"}. Executing controller action with signature System.Threading.Tasks.Task`1[Microsoft.AspNetCore.Mvc.ActionResult`1[BAKERBAZZAR.API.Models.ApiResponse]] ChangeAddress(System.String, Int32) on controller BAKERBAZZAR.API.Controller.UserController (BAKERBAZZAR.API).
2024-11-13 21:10:23.165 +05:30  INF  Executing BadRequestObjectResult, writing value of type 'Microsoft.AspNetCore.Mvc.ValidationProblemDetails'.
2024-11-13 21:10:23.165 +05:30  INF  Executed action BAKERBAZZAR.API.Controller.UserController.ChangeAddress (BAKERBAZZAR.API) in 6.9644ms
2024-11-13 21:10:23.165 +05:30  INF  Executed endpoint 'BAKERBAZZAR.API.Controller.UserController.ChangeAddress (BAKERBAZZAR.API)'
2024-11-13 21:10:23.166 +05:30  INF  Request finished HTTP/1.1 PUT http://localhost:5145/user/changeaddress?displayid=e62f03f4-2dcf-4f80-bc23-341651bd9338&recordid=null - 0 - 400 - application/problem+json;+charset=utf-8 7.5831ms
2024-11-13 21:10:23.172 +05:30  INF  Request starting HTTP/1.1 GET http://localhost:5145/User/GetMyAddresses?displayid=e62f03f4-2dcf-4f80-bc23-341651bd9338 - -
2024-11-13 21:10:23.172 +05:30  INF  CORS policy execution successful.
2024-11-13 21:10:23.172 +05:30  INF  Executing endpoint 'BAKERBAZZAR.API.Controller.UserController.GetAddress (BAKERBAZZAR.API)'
2024-11-13 21:10:23.172 +05:30  INF  Route matched with {action = "GetAddress", controller = "User"}. Executing controller action with signature System.Threading.Tasks.Task`1[Microsoft.AspNetCore.Mvc.ActionResult`1[BAKERBAZZAR.API.Models.ApiResponse]] GetAddress(System.String) on controller BAKERBAZZAR.API.Controller.UserController (BAKERBAZZAR.API).
2024-11-13 21:10:23.178 +05:30  INF  Executing ObjectResult, writing value of type 'BAKERBAZZAR.API.Models.ApiResponse'.
2024-11-13 21:10:23.179 +05:30  INF  Executed action BAKERBAZZAR.API.Controller.UserController.GetAddress (BAKERBAZZAR.API) in 6.7035ms
2024-11-13 21:10:23.179 +05:30  INF  Executed endpoint 'BAKERBAZZAR.API.Controller.UserController.GetAddress (BAKERBAZZAR.API)'
2024-11-13 21:10:23.179 +05:30  INF  Request finished HTTP/1.1 GET http://localhost:5145/User/GetMyAddresses?displayid=e62f03f4-2dcf-4f80-bc23-341651bd9338 - - - 200 - application/json;+charset=utf-8 7.1945ms
2024-11-13 21:10:24.013 +05:30  INF  Request starting HTTP/1.1 OPTIONS http://localhost:5145/user/changeaddress?displayid=e62f03f4-2dcf-4f80-bc23-341651bd9338&recordid=1002 - -
2024-11-13 21:10:24.013 +05:30  INF  CORS policy execution successful.
2024-11-13 21:10:24.013 +05:30  INF  Request finished HTTP/1.1 OPTIONS http://localhost:5145/user/changeaddress?displayid=e62f03f4-2dcf-4f80-bc23-341651bd9338&recordid=1002 - - - 204 - - 0.3624ms
2024-11-13 21:10:24.015 +05:30  INF  Request starting HTTP/1.1 PUT http://localhost:5145/user/changeaddress?displayid=e62f03f4-2dcf-4f80-bc23-341651bd9338&recordid=1002 - 0
2024-11-13 21:10:24.015 +05:30  INF  CORS policy execution successful.
2024-11-13 21:10:24.015 +05:30  INF  Executing endpoint 'BAKERBAZZAR.API.Controller.UserController.ChangeAddress (BAKERBAZZAR.API)'
2024-11-13 21:10:24.015 +05:30  INF  Route matched with {action = "ChangeAddress", controller = "User"}. Executing controller action with signature System.Threading.Tasks.Task`1[Microsoft.AspNetCore.Mvc.ActionResult`1[BAKERBAZZAR.API.Models.ApiResponse]] ChangeAddress(System.String, Int32) on controller BAKERBAZZAR.API.Controller.UserController (BAKERBAZZAR.API).
2024-11-13 21:10:24.033 +05:30  INF  Executing ObjectResult, writing value of type 'BAKERBAZZAR.API.Models.ApiResponse'.
2024-11-13 21:10:24.033 +05:30  INF  Executed action BAKERBAZZAR.API.Controller.UserController.ChangeAddress (BAKERBAZZAR.API) in 17.8846ms
2024-11-13 21:10:24.033 +05:30  INF  Executed endpoint 'BAKERBAZZAR.API.Controller.UserController.ChangeAddress (BAKERBAZZAR.API)'
2024-11-13 21:10:24.033 +05:30  INF  Request finished HTTP/1.1 PUT http://localhost:5145/user/changeaddress?displayid=e62f03f4-2dcf-4f80-bc23-341651bd9338&recordid=1002 - 0 - 200 - application/json;+charset=utf-8 18.3970ms
2024-11-13 21:10:29.887 +05:30  INF  Request starting HTTP/1.1 GET http://localhost:5145/User/GetMyAddresses?displayid=e62f03f4-2dcf-4f80-bc23-341651bd9338 - -
2024-11-13 21:10:29.887 +05:30  INF  CORS policy execution successful.
2024-11-13 21:10:29.887 +05:30  INF  Executing endpoint 'BAKERBAZZAR.API.Controller.UserController.GetAddress (BAKERBAZZAR.API)'
2024-11-13 21:10:29.887 +05:30  INF  Route matched with {action = "GetAddress", controller = "User"}. Executing controller action with signature System.Threading.Tasks.Task`1[Microsoft.AspNetCore.Mvc.ActionResult`1[BAKERBAZZAR.API.Models.ApiResponse]] GetAddress(System.String) on controller BAKERBAZZAR.API.Controller.UserController (BAKERBAZZAR.API).
2024-11-13 21:10:29.892 +05:30  INF  Request starting HTTP/1.1 GET http://localhost:5145/user/products?categoryid= - -
2024-11-13 21:10:29.892 +05:30  INF  CORS policy execution successful.
2024-11-13 21:10:29.892 +05:30  INF  Executing endpoint 'BAKERBAZZAR.API.Controller.UserController.Products (BAKERBAZZAR.API)'
2024-11-13 21:10:29.892 +05:30  INF  Route matched with {action = "Products", controller = "User"}. Executing controller action with signature System.Threading.Tasks.Task`1[Microsoft.AspNetCore.Mvc.ActionResult`1[BAKERBAZZAR.API.Models.ApiResponse]] Products(System.String, System.String) on controller BAKERBAZZAR.API.Controller.UserController (BAKERBAZZAR.API).
2024-11-13 21:10:29.893 +05:30  INF  Request starting HTTP/1.1 GET http://localhost:5145/User/Category - -
2024-11-13 21:10:29.893 +05:30  INF  CORS policy execution successful.
2024-11-13 21:10:29.893 +05:30  INF  Executing endpoint 'BAKERBAZZAR.API.Controller.UserController.Category (BAKERBAZZAR.API)'
2024-11-13 21:10:29.893 +05:30  INF  Route matched with {action = "Category", controller = "User"}. Executing controller action with signature System.Threading.Tasks.Task`1[Microsoft.AspNetCore.Mvc.ActionResult`1[BAKERBAZZAR.API.Models.ApiResponse]] Category(System.String) on controller BAKERBAZZAR.API.Controller.UserController (BAKERBAZZAR.API).
2024-11-13 21:10:29.903 +05:30  INF  Executing ObjectResult, writing value of type 'BAKERBAZZAR.API.Models.ApiResponse'.
2024-11-13 21:10:29.904 +05:30  INF  Executed action BAKERBAZZAR.API.Controller.UserController.GetAddress (BAKERBAZZAR.API) in 16.032ms
2024-11-13 21:10:29.904 +05:30  INF  Executed endpoint 'BAKERBAZZAR.API.Controller.UserController.GetAddress (BAKERBAZZAR.API)'
2024-11-13 21:10:29.904 +05:30  INF  Request finished HTTP/1.1 GET http://localhost:5145/User/GetMyAddresses?displayid=e62f03f4-2dcf-4f80-bc23-341651bd9338 - - - 200 - application/json;+charset=utf-8 17.4365ms
2024-11-13 21:10:29.923 +05:30  INF  Executing ObjectResult, writing value of type 'BAKERBAZZAR.API.Models.ApiResponse'.
2024-11-13 21:10:29.923 +05:30  INF  Executed action BAKERBAZZAR.API.Controller.UserController.Category (BAKERBAZZAR.API) in 29.7465ms
2024-11-13 21:10:29.923 +05:30  INF  Executed endpoint 'BAKERBAZZAR.API.Controller.UserController.Category (BAKERBAZZAR.API)'
2024-11-13 21:10:29.923 +05:30  INF  Request finished HTTP/1.1 GET http://localhost:5145/User/Category - - - 200 - application/json;+charset=utf-8 31.1901ms
2024-11-13 21:10:29.926 +05:30  INF  Executing ObjectResult, writing value of type 'BAKERBAZZAR.API.Models.ApiResponse'.
2024-11-13 21:10:29.927 +05:30  INF  Executed action BAKERBAZZAR.API.Controller.UserController.Products (BAKERBAZZAR.API) in 34.5792ms
2024-11-13 21:10:29.927 +05:30  INF  Executed endpoint 'BAKERBAZZAR.API.Controller.UserController.Products (BAKERBAZZAR.API)'
2024-11-13 21:10:29.927 +05:30  INF  Request finished HTTP/1.1 GET http://localhost:5145/user/products?categoryid= - - - 200 - application/json;+charset=utf-8 35.7594ms
2024-11-13 21:10:30.056 +05:30  INF  Request starting HTTP/1.1 GET http://localhost:5145/User/GetMyAddresses?displayid=e62f03f4-2dcf-4f80-bc23-341651bd9338 - -
2024-11-13 21:10:30.056 +05:30  INF  CORS policy execution successful.
2024-11-13 21:10:30.056 +05:30  INF  Executing endpoint 'BAKERBAZZAR.API.Controller.UserController.GetAddress (BAKERBAZZAR.API)'
2024-11-13 21:10:30.056 +05:30  INF  Route matched with {action = "GetAddress", controller = "User"}. Executing controller action with signature System.Threading.Tasks.Task`1[Microsoft.AspNetCore.Mvc.ActionResult`1[BAKERBAZZAR.API.Models.ApiResponse]] GetAddress(System.String) on controller BAKERBAZZAR.API.Controller.UserController (BAKERBAZZAR.API).
2024-11-13 21:10:30.058 +05:30  INF  Executing ObjectResult, writing value of type 'BAKERBAZZAR.API.Models.ApiResponse'.
2024-11-13 21:10:30.058 +05:30  INF  Executed action BAKERBAZZAR.API.Controller.UserController.GetAddress (BAKERBAZZAR.API) in 2.2413ms
2024-11-13 21:10:30.059 +05:30  INF  Executed endpoint 'BAKERBAZZAR.API.Controller.UserController.GetAddress (BAKERBAZZAR.API)'
2024-11-13 21:10:30.059 +05:30  INF  Request finished HTTP/1.1 GET http://localhost:5145/User/GetMyAddresses?displayid=e62f03f4-2dcf-4f80-bc23-341651bd9338 - - - 200 - application/json;+charset=utf-8 2.8375ms
2024-11-13 21:10:30.357 +05:30  INF  Request starting HTTP/1.1 GET http://localhost:5145/user/products?categoryid= - -
2024-11-13 21:10:30.357 +05:30  INF  CORS policy execution successful.
2024-11-13 21:10:30.357 +05:30  INF  Executing endpoint 'BAKERBAZZAR.API.Controller.UserController.Products (BAKERBAZZAR.API)'
2024-11-13 21:10:30.358 +05:30  INF  Route matched with {action = "Products", controller = "User"}. Executing controller action with signature System.Threading.Tasks.Task`1[Microsoft.AspNetCore.Mvc.ActionResult`1[BAKERBAZZAR.API.Models.ApiResponse]] Products(System.String, System.String) on controller BAKERBAZZAR.API.Controller.UserController (BAKERBAZZAR.API).
2024-11-13 21:10:30.392 +05:30  INF  Request starting HTTP/1.1 GET http://localhost:5145/User/Category - -
2024-11-13 21:10:30.392 +05:30  INF  CORS policy execution successful.
2024-11-13 21:10:30.392 +05:30  INF  Executing endpoint 'BAKERBAZZAR.API.Controller.UserController.Category (BAKERBAZZAR.API)'
2024-11-13 21:10:30.392 +05:30  INF  Route matched with {action = "Category", controller = "User"}. Executing controller action with signature System.Threading.Tasks.Task`1[Microsoft.AspNetCore.Mvc.ActionResult`1[BAKERBAZZAR.API.Models.ApiResponse]] Category(System.String) on controller BAKERBAZZAR.API.Controller.UserController (BAKERBAZZAR.API).
2024-11-13 21:10:30.396 +05:30  INF  Executing ObjectResult, writing value of type 'BAKERBAZZAR.API.Models.ApiResponse'.
2024-11-13 21:10:30.396 +05:30  INF  Executed action BAKERBAZZAR.API.Controller.UserController.Category (BAKERBAZZAR.API) in 3.3982ms
2024-11-13 21:10:30.396 +05:30  INF  Executed endpoint 'BAKERBAZZAR.API.Controller.UserController.Category (BAKERBAZZAR.API)'
2024-11-13 21:10:30.396 +05:30  INF  Request finished HTTP/1.1 GET http://localhost:5145/User/Category - - - 200 - application/json;+charset=utf-8 4.0589ms
2024-11-13 21:10:30.449 +05:30  INF  Executing ObjectResult, writing value of type 'BAKERBAZZAR.API.Models.ApiResponse'.
2024-11-13 21:10:30.452 +05:30  INF  Executed action BAKERBAZZAR.API.Controller.UserController.Products (BAKERBAZZAR.API) in 94.1462ms
2024-11-13 21:10:30.452 +05:30  INF  Executed endpoint 'BAKERBAZZAR.API.Controller.UserController.Products (BAKERBAZZAR.API)'
2024-11-13 21:10:30.452 +05:30  INF  Request finished HTTP/1.1 GET http://localhost:5145/user/products?categoryid= - - - 200 - application/json;+charset=utf-8 95.2126ms
